Archive member included to satisfy reference by file (symbol)

c:/st/stm32cubeide_1.7.0/stm32cubeide/plugins/com.st.stm32cube.ide.mcu.externaltools.gnu-tools-for-stm32.9-2020-q2-update.win32_2.0.0.202105311346/tools/bin/../lib/gcc/arm-none-eabi/9.3.1/../../../../arm-none-eabi/lib/thumb/v7e-m+fp/hard\libc_nano.a(lib_a-exit.o)
                              c:/st/stm32cubeide_1.7.0/stm32cubeide/plugins/com.st.stm32cube.ide.mcu.externaltools.gnu-tools-for-stm32.9-2020-q2-update.win32_2.0.0.202105311346/tools/bin/../lib/gcc/arm-none-eabi/9.3.1/../../../../arm-none-eabi/lib/thumb/v7e-m+fp/hard/crt0.o (exit)
c:/st/stm32cubeide_1.7.0/stm32cubeide/plugins/com.st.stm32cube.ide.mcu.externaltools.gnu-tools-for-stm32.9-2020-q2-update.win32_2.0.0.202105311346/tools/bin/../lib/gcc/arm-none-eabi/9.3.1/../../../../arm-none-eabi/lib/thumb/v7e-m+fp/hard\libc_nano.a(lib_a-impure.o)
                              c:/st/stm32cubeide_1.7.0/stm32cubeide/plugins/com.st.stm32cube.ide.mcu.externaltools.gnu-tools-for-stm32.9-2020-q2-update.win32_2.0.0.202105311346/tools/bin/../lib/gcc/arm-none-eabi/9.3.1/../../../../arm-none-eabi/lib/thumb/v7e-m+fp/hard\libc_nano.a(lib_a-exit.o) (_global_impure_ptr)
c:/st/stm32cubeide_1.7.0/stm32cubeide/plugins/com.st.stm32cube.ide.mcu.externaltools.gnu-tools-for-stm32.9-2020-q2-update.win32_2.0.0.202105311346/tools/bin/../lib/gcc/arm-none-eabi/9.3.1/../../../../arm-none-eabi/lib/thumb/v7e-m+fp/hard\libc_nano.a(lib_a-init.o)
                              c:/st/stm32cubeide_1.7.0/stm32cubeide/plugins/com.st.stm32cube.ide.mcu.externaltools.gnu-tools-for-stm32.9-2020-q2-update.win32_2.0.0.202105311346/tools/bin/../lib/gcc/arm-none-eabi/9.3.1/../../../../arm-none-eabi/lib/thumb/v7e-m+fp/hard/crt0.o (__libc_init_array)
c:/st/stm32cubeide_1.7.0/stm32cubeide/plugins/com.st.stm32cube.ide.mcu.externaltools.gnu-tools-for-stm32.9-2020-q2-update.win32_2.0.0.202105311346/tools/bin/../lib/gcc/arm-none-eabi/9.3.1/../../../../arm-none-eabi/lib/thumb/v7e-m+fp/hard\libc_nano.a(lib_a-memset.o)
                              c:/st/stm32cubeide_1.7.0/stm32cubeide/plugins/com.st.stm32cube.ide.mcu.externaltools.gnu-tools-for-stm32.9-2020-q2-update.win32_2.0.0.202105311346/tools/bin/../lib/gcc/arm-none-eabi/9.3.1/../../../../arm-none-eabi/lib/thumb/v7e-m+fp/hard/crt0.o (memset)
c:/st/stm32cubeide_1.7.0/stm32cubeide/plugins/com.st.stm32cube.ide.mcu.externaltools.gnu-tools-for-stm32.9-2020-q2-update.win32_2.0.0.202105311346/tools/bin/../lib/gcc/arm-none-eabi/9.3.1/../../../../arm-none-eabi/lib/thumb/v7e-m+fp/hard\libc_nano.a(lib_a-strcat.o)
                              ./Src/modem.o (strcat)
c:/st/stm32cubeide_1.7.0/stm32cubeide/plugins/com.st.stm32cube.ide.mcu.externaltools.gnu-tools-for-stm32.9-2020-q2-update.win32_2.0.0.202105311346/tools/bin/../lib/gcc/arm-none-eabi/9.3.1/../../../../arm-none-eabi/lib/thumb/v7e-m+fp/hard\libc_nano.a(lib_a-strcmp.o)
                              ./Src/terminal.o (strcmp)
c:/st/stm32cubeide_1.7.0/stm32cubeide/plugins/com.st.stm32cube.ide.mcu.externaltools.gnu-tools-for-stm32.9-2020-q2-update.win32_2.0.0.202105311346/tools/bin/../lib/gcc/arm-none-eabi/9.3.1/../../../../arm-none-eabi/lib/thumb/v7e-m+fp/hard\libc_nano.a(lib_a-strcpy.o)
                              ./Src/terminal.o (strcpy)
c:/st/stm32cubeide_1.7.0/stm32cubeide/plugins/com.st.stm32cube.ide.mcu.externaltools.gnu-tools-for-stm32.9-2020-q2-update.win32_2.0.0.202105311346/tools/bin/../lib/gcc/arm-none-eabi/9.3.1/../../../../arm-none-eabi/lib/thumb/v7e-m+fp/hard\libc_nano.a(lib_a-strlen.o)
                              ./Src/modem.o (strlen)
c:/st/stm32cubeide_1.7.0/stm32cubeide/plugins/com.st.stm32cube.ide.mcu.externaltools.gnu-tools-for-stm32.9-2020-q2-update.win32_2.0.0.202105311346/tools/bin/../lib/gcc/arm-none-eabi/9.3.1/../../../../arm-none-eabi/lib/thumb/v7e-m+fp/hard\libc_nano.a(lib_a-strstr.o)
                              ./Src/usart1terminal.o (strstr)
c:/st/stm32cubeide_1.7.0/stm32cubeide/plugins/com.st.stm32cube.ide.mcu.externaltools.gnu-tools-for-stm32.9-2020-q2-update.win32_2.0.0.202105311346/tools/bin/../lib/gcc/arm-none-eabi/9.3.1/../../../../arm-none-eabi/lib/thumb/v7e-m+fp/hard\libc_nano.a(lib_a-vsprintf.o)
                              ./Src/usart2.o (vsprintf)
c:/st/stm32cubeide_1.7.0/stm32cubeide/plugins/com.st.stm32cube.ide.mcu.externaltools.gnu-tools-for-stm32.9-2020-q2-update.win32_2.0.0.202105311346/tools/bin/../lib/gcc/arm-none-eabi/9.3.1/../../../../arm-none-eabi/lib/thumb/v7e-m+fp/hard\libc_nano.a(lib_a-nano-svfprintf.o)
                              c:/st/stm32cubeide_1.7.0/stm32cubeide/plugins/com.st.stm32cube.ide.mcu.externaltools.gnu-tools-for-stm32.9-2020-q2-update.win32_2.0.0.202105311346/tools/bin/../lib/gcc/arm-none-eabi/9.3.1/../../../../arm-none-eabi/lib/thumb/v7e-m+fp/hard\libc_nano.a(lib_a-vsprintf.o) (_svfprintf_r)
[...]
Memory Configuration

Name             Origin             Length             Attributes
RAM              0x0000000020000000 0x0000000000010000 xrw
FLASH            0x0000000008000000 0x0000000000080000 xr
*default*        0x0000000000000000 0xffffffffffffffff

Linker script and memory map

LOAD c:/st/stm32cubeide_1.7.0/stm32cubeide/plugins/com.st.stm32cube.ide.mcu.externaltools.gnu-tools-for-stm32.9-2020-q2-update.win32_2.0.0.202105311346/tools/bin/../lib/gcc/arm-none-eabi/9.3.1/thumb/v7e-m+fp/hard/crti.o
LOAD c:/st/stm32cubeide_1.7.0/stm32cubeide/plugins/com.st.stm32cube.ide.mcu.externaltools.gnu-tools-for-stm32.9-2020-q2-update.win32_2.0.0.202105311346/tools/bin/../lib/gcc/arm-none-eabi/9.3.1/thumb/v7e-m+fp/hard/crtbegin.o
LOAD c:/st/stm32cubeide_1.7.0/stm32cubeide/plugins/com.st.stm32cube.ide.mcu.externaltools.gnu-tools-for-stm32.9-2020-q2-update.win32_2.0.0.202105311346/tools/bin/../lib/gcc/arm-none-eabi/9.3.1/../../../../arm-none-eabi/lib/thumb/v7e-m+fp/hard/crt0.o
LOAD ./Src/button.o
LOAD ./Src/cyclic_buffer.o
LOAD ./Src/eventQ.o
LOAD ./Src/led.o
LOAD ./Src/main.o
LOAD ./Src/modem.o
LOAD ./Src/terminal.o
LOAD ./Src/timer2.o
LOAD ./Src/usart1.o
LOAD ./Src/usart1terminal.o
LOAD ./Src/usart2.o
LOAD ./Src/watchdog.o
LOAD ./Startup/startup_stm32f303retx.o
START GROUP
LOAD c:/st/stm32cubeide_1.7.0/stm32cubeide/plugins/com.st.stm32cube.ide.mcu.externaltools.gnu-tools-for-stm32.9-2020-q2-update.win32_2.0.0.202105311346/tools/bin/../lib/gcc/arm-none-eabi/9.3.1/../../../../arm-none-eabi/lib/thumb/v7e-m+fp/hard\libc_nano.a
LOAD c:/st/stm32cubeide_1.7.0/stm32cubeide/plugins/com.st.stm32cube.ide.mcu.externaltools.gnu-tools-for-stm32.9-2020-q2-update.win32_2.0.0.202105311346/tools/bin/../lib/gcc/arm-none-eabi/9.3.1/../../../../arm-none-eabi/lib/thumb/v7e-m+fp/hard\libm.a
END GROUP
START GROUP
LOAD c:/st/stm32cubeide_1.7.0/stm32cubeide/plugins/com.st.stm32cube.ide.mcu.externaltools.gnu-tools-for-stm32.9-2020-q2-update.win32_2.0.0.202105311346/tools/bin/../lib/gcc/arm-none-eabi/9.3.1/thumb/v7e-m+fp/hard\libgcc.a
LOAD c:/st/stm32cubeide_1.7.0/stm32cubeide/plugins/com.st.stm32cube.ide.mcu.externaltools.gnu-tools-for-stm32.9-2020-q2-update.win32_2.0.0.202105311346/tools/bin/../lib/gcc/arm-none-eabi/9.3.1/../../../../arm-none-eabi/lib/thumb/v7e-m+fp/hard\libc_nano.a
END GROUP
START GROUP
LOAD c:/st/stm32cubeide_1.7.0/stm32cubeide/plugins/com.st.stm32cube.ide.mcu.externaltools.gnu-tools-for-stm32.9-2020-q2-update.win32_2.0.0.202105311346/tools/bin/../lib/gcc/arm-none-eabi/9.3.1/thumb/v7e-m+fp/hard\libgcc.a
LOAD c:/st/stm32cubeide_1.7.0/stm32cubeide/plugins/com.st.stm32cube.ide.mcu.externaltools.gnu-tools-for-stm32.9-2020-q2-update.win32_2.0.0.202105311346/tools/bin/../lib/gcc/arm-none-eabi/9.3.1/../../../../arm-none-eabi/lib/thumb/v7e-m+fp/hard\libc_nano.a
LOAD c:/st/stm32cubeide_1.7.0/stm32cubeide/plugins/com.st.stm32cube.ide.mcu.externaltools.gnu-tools-for-stm32.9-2020-q2-update.win32_2.0.0.202105311346/tools/bin/../lib/gcc/arm-none-eabi/9.3.1/../../../../arm-none-eabi/lib/thumb/v7e-m+fp/hard\libnosys.a
END GROUP
START GROUP
LOAD c:/st/stm32cubeide_1.7.0/stm32cubeide/plugins/com.st.stm32cube.ide.mcu.externaltools.gnu-tools-for-stm32.9-2020-q2-update.win32_2.0.0.202105311346/tools/bin/../lib/gcc/arm-none-eabi/9.3.1/thumb/v7e-m+fp/hard\libgcc.a
LOAD c:/st/stm32cubeide_1.7.0/stm32cubeide/plugins/com.st.stm32cube.ide.mcu.externaltools.gnu-tools-for-stm32.9-2020-q2-update.win32_2.0.0.202105311346/tools/bin/../lib/gcc/arm-none-eabi/9.3.1/../../../../arm-none-eabi/lib/thumb/v7e-m+fp/hard\libc_nano.a
LOAD c:/st/stm32cubeide_1.7.0/stm32cubeide/plugins/com.st.stm32cube.ide.mcu.externaltools.gnu-tools-for-stm32.9-2020-q2-update.win32_2.0.0.202105311346/tools/bin/../lib/gcc/arm-none-eabi/9.3.1/../../../../arm-none-eabi/lib/thumb/v7e-m+fp/hard\libnosys.a
END GROUP
LOAD c:/st/stm32cubeide_1.7.0/stm32cubeide/plugins/com.st.stm32cube.ide.mcu.externaltools.gnu-tools-for-stm32.9-2020-q2-update.win32_2.0.0.202105311346/tools/bin/../lib/gcc/arm-none-eabi/9.3.1/thumb/v7e-m+fp/hard/crtend.o
LOAD c:/st/stm32cubeide_1.7.0/stm32cubeide/plugins/com.st.stm32cube.ide.mcu.externaltools.gnu-tools-for-stm32.9-2020-q2-update.win32_2.0.0.202105311346/tools/bin/../lib/gcc/arm-none-eabi/9.3.1/thumb/v7e-m+fp/hard/crtn.o
                0x0000000020010000                _estack = (ORIGIN (RAM) + LENGTH (RAM))
                0x0000000000000200                _Min_Heap_Size = 0x200
                0x0000000000000400                _Min_Stack_Size = 0x400

.isr_vector     0x0000000008000000      0x194
                0x0000000008000000                . = ALIGN (0x4)
 *(.isr_vector)
 .isr_vector    0x0000000008000000      0x194 ./Startup/startup_stm32f303retx.o
                0x0000000008000000                g_pfnVectors
                0x0000000008000194                . = ALIGN (0x4)

.text           0x00000000080001a0     0x1640
                0x00000000080001a0                . = ALIGN (0x4)
 *(.text)
 .text          0x00000000080001a0       0x40 c:/st/stm32cubeide_1.7.0/stm32cubeide/plugins/com.st.stm32cube.ide.mcu.externaltools.gnu-tools-for-stm32.9-2020-q2-update.win32_2.0.0.202105311346/tools/bin/../lib/gcc/arm-none-eabi/9.3.1/thumb/v7e-m+fp/hard/crtbegin.o
 .text          0x00000000080001e0       0x14 c:/st/stm32cubeide_1.7.0/stm32cubeide/plugins/com.st.stm32cube.ide.mcu.externaltools.gnu-tools-for-stm32.9-2020-q2-update.win32_2.0.0.202105311346/tools/bin/../lib/gcc/arm-none-eabi/9.3.1/../../../../arm-none-eabi/lib/thumb/v7e-m+fp/hard\libc_nano.a(lib_a-strcmp.o)
                0x00000000080001e0                strcmp
 .text          0x00000000080001f4       0x10 c:/st/stm32cubeide_1.7.0/stm32cubeide/plugins/com.st.stm32cube.ide.mcu.externaltools.gnu-tools-for-stm32.9-2020-q2-update.win32_2.0.0.202105311346/tools/bin/../lib/gcc/arm-none-eabi/9.3.1/../../../../arm-none-eabi/lib/thumb/v7e-m+fp/hard\libc_nano.a(lib_a-strlen.o)
                0x00000000080001f4                strlen
 *fill*         0x0000000008000204        0xc 
 .text          0x0000000008000210       0xa0 c:/st/stm32cubeide_1.7.0/stm32cubeide/plugins/com.st.stm32cube.ide.mcu.externaltools.gnu-tools-for-stm32.9-2020-q2-update.win32_2.0.0.202105311346/tools/bin/../lib/gcc/arm-none-eabi/9.3.1/../../../../arm-none-eabi/lib/thumb/v7e-m+fp/hard\libc_nano.a(lib_a-memchr.o)
                0x0000000008000210                memchr
 *(.text*)
 .text.__NVIC_EnableIRQ
                0x00000000080002b0       0x3c ./Src/button.o
 .text.BUTTON_init
                0x00000000080002ec       0x58 ./Src/button.o
                0x00000000080002ec                BUTTON_init
 .text.EXTI15_10_IRQHandler
                0x0000000008000344       0x20 ./Src/button.o
                0x0000000008000344                EXTI15_10_IRQHandler
 .text.BUTTON_sendCommand
                0x0000000008000364       0x24 ./Src/button.o
                0x0000000008000364                BUTTON_sendCommand
 .text.buffer_init
                0x0000000008000388       0x24 ./Src/cyclic_buffer.o
                0x0000000008000388                buffer_init
 .text.buffer_write
                0x00000000080003ac       0x46 ./Src/cyclic_buffer.o
                0x00000000080003ac                buffer_write
 .text.buffer_read
                0x00000000080003f2       0x44 ./Src/cyclic_buffer.o
                0x00000000080003f2                buffer_read
 .text.buffer_isEmpty
                0x0000000008000436       0x2a ./Src/cyclic_buffer.o
                0x0000000008000436                buffer_isEmpty
 .text.eventQ_init
                0x0000000008000460       0x14 ./Src/eventQ.o
                0x0000000008000460                eventQ_init
 .text.eventQ_write
                0x0000000008000474       0x20 ./Src/eventQ.o
                0x0000000008000474                eventQ_write
 .text.eventQ_read
                0x0000000008000494       0x14 ./Src/eventQ.o
                0x0000000008000494                eventQ_read
 .text.eventQ_isEmpty
                0x00000000080004a8       0x14 ./Src/eventQ.o
                0x00000000080004a8                eventQ_isEmpty
 .text.LED_init
                0x00000000080004bc       0x30 ./Src/led.o
                0x00000000080004bc                LED_init
 .text.LED_off  0x00000000080004ec       0x1e ./Src/led.o
                0x00000000080004ec                LED_off
 .text.LED_on   0x000000000800050a       0x1e ./Src/led.o
                0x000000000800050a                LED_on
 .text.LED_toggle
                0x0000000008000528       0x1e ./Src/led.o
                0x0000000008000528                LED_toggle
 *fill*         0x0000000008000546        0x2 
 .text.LED_blink_handle
                0x0000000008000548       0x38 ./Src/led.o
                0x0000000008000548                LED_blink_handle
 .text.LED_change_state
                0x0000000008000580       0x78 ./Src/led.o
                0x0000000008000580                LED_change_state
 .text.main     0x00000000080005f8       0xa4 ./Src/main.o
                0x00000000080005f8                main
 .text.getWifiConnecting
                0x000000000800069c       0x18 ./Src/modem.o
                0x000000000800069c                getWifiConnecting
 .text.setWifiConnecting
                0x00000000080006b4       0x20 ./Src/modem.o
                0x00000000080006b4                setWifiConnecting
 .text.getClientState
                0x00000000080006d4       0x18 ./Src/modem.o
                0x00000000080006d4                getClientState
 .text.setClientState
                0x00000000080006ec       0x20 ./Src/modem.o
                0x00000000080006ec                setClientState
 .text.MODEM_init
                0x000000000800070c       0x34 ./Src/modem.o
                0x000000000800070c                MODEM_init
 .text.delay    0x0000000008000740       0x2e ./Src/modem.o
                0x0000000008000740                delay
 *fill*         0x000000000800076e        0x2 
 .text.wifiConnect
                0x0000000008000770       0xec ./Src/modem.o
                0x0000000008000770                wifiConnect
 .text.setServer
                0x000000000800085c       0x14 ./Src/modem.o
                0x000000000800085c                setServer
 .text.TERMINAL_handleCommand
                0x0000000008000870      0x108 ./Src/terminal.o
                0x0000000008000870                TERMINAL_handleCommand
 .text.__NVIC_EnableIRQ
                0x0000000008000978       0x3c ./Src/timer2.o
 .text.TIMER2_init
                0x00000000080009b4       0x3c ./Src/timer2.o
                0x00000000080009b4                TIMER2_init
 .text.TIM2_IRQHandler
                0x00000000080009f0       0x28 ./Src/timer2.o
                0x00000000080009f0                TIM2_IRQHandler
 .text.TIMER2_expired
                0x0000000008000a18       0x28 ./Src/timer2.o
                0x0000000008000a18                TIMER2_expired
 .text.__NVIC_EnableIRQ
                0x0000000008000a40       0x3c ./Src/usart1.o
 .text.USART1_init
                0x0000000008000a7c       0x64 ./Src/usart1.o
                0x0000000008000a7c                USART1_init
 .text.USART1_getCommand
                0x0000000008000ae0       0x40 ./Src/usart1.o
                0x0000000008000ae0                USART1_getCommand
 .text.USART1_EXTI25_IRQHandler
                0x0000000008000b20       0x3c ./Src/usart1.o
                0x0000000008000b20                USART1_EXTI25_IRQHandler
 .text.USART1_print
                0x0000000008000b5c       0x44 ./Src/usart1.o
                0x0000000008000b5c                USART1_print
 .text.USART1TERMINAL_handleCommand
                0x0000000008000ba0       0xd0 ./Src/usart1terminal.o
                0x0000000008000ba0                USART1TERMINAL_handleCommand
 .text.__NVIC_EnableIRQ
                0x0000000008000c70       0x3c ./Src/usart2.o
 .text.USART2_init
                0x0000000008000cac       0x68 ./Src/usart2.o
                0x0000000008000cac                USART2_init
 .text.print    0x0000000008000d14       0x30 ./Src/usart2.o
                0x0000000008000d14                print
 .text.USART2_getCommand
                0x0000000008000d44       0x40 ./Src/usart2.o
                0x0000000008000d44                USART2_getCommand
 .text.USART2_EXTI26_IRQHandler
                0x0000000008000d84       0x3c ./Src/usart2.o
                0x0000000008000d84                USART2_EXTI26_IRQHandler
 .text.USART2_print
                0x0000000008000dc0       0x44 ./Src/usart2.o
                0x0000000008000dc0                USART2_print
 .text.WATCHDOG_init
                0x0000000008000e04       0x38 ./Src/watchdog.o
                0x0000000008000e04                WATCHDOG_init
 .text.WATCHDOG_pet
                0x0000000008000e3c       0x1c ./Src/watchdog.o
                0x0000000008000e3c                WATCHDOG_pet
 .text.Reset_Handler
                0x0000000008000e58       0x50 ./Startup/startup_stm32f303retx.o
                0x0000000008000e58                Reset_Handler
 .text.Default_Handler
                0x0000000008000ea8        0x2 ./Startup/startup_stm32f303retx.o
                0x0000000008000ea8                TIM8_TRG_COM_IRQHandler
                0x0000000008000ea8                TIM8_CC_IRQHandler
                0x0000000008000ea8                DebugMon_Handler
                0x0000000008000ea8                DMA1_CH4_IRQHandler
                0x0000000008000ea8                SPI4_IRQHandler
                0x0000000008000ea8                TIM1_CC_IRQHandler
                0x0000000008000ea8                HardFault_Handler
                0x0000000008000ea8                USB_HP_IRQHandler
                0x0000000008000ea8                I2C2_EV_EXTI24_IRQHandler
                0x0000000008000ea8                SysTick_Handler
                0x0000000008000ea8                USB_WKUP_EXTI_IRQHandler
                0x0000000008000ea8                PVD_IRQHandler
                0x0000000008000ea8                UART4_EXTI34_IRQHandler
                0x0000000008000ea8                TAMP_STAMP_IRQHandler
                0x0000000008000ea8                PendSV_Handler
                0x0000000008000ea8                NMI_Handler
                0x0000000008000ea8                EXTI3_IRQHandler
                0x0000000008000ea8                I2C3_ER_IRQHandler
                0x0000000008000ea8                TIM6_DACUNDER_IRQHandler
                0x0000000008000ea8                USB_HP_CAN_TX_IRQHandler
                0x0000000008000ea8                EXTI0_IRQHandler
                0x0000000008000ea8                DMA2_CH1_IRQHandler
                0x0000000008000ea8                FPU_IRQHandler
                0x0000000008000ea8                TIM1_UP_TIM16_IRQHandler
                0x0000000008000ea8                UsageFault_Handler
                0x0000000008000ea8                ADC1_2_IRQHandler
                0x0000000008000ea8                SPI1_IRQHandler
                0x0000000008000ea8                CAN_SCE_IRQHandler
                0x0000000008000ea8                DMA1_CH7_IRQHandler
                0x0000000008000ea8                TIM8_UP_IRQHandler
                0x0000000008000ea8                COMP456_IRQHandler
                0x0000000008000ea8                DMA1_CH6_IRQHandler
                0x0000000008000ea8                TIM20_TRG_COM_IRQHandler
                0x0000000008000ea8                ADC3_IRQHandler
                0x0000000008000ea8                TIM4_IRQHandler
                0x0000000008000ea8                CAN_RX1_IRQHandler
                0x0000000008000ea8                DMA2_CH5_IRQHandler
                0x0000000008000ea8                I2C1_EV_EXTI23_IRQHandler
                0x0000000008000ea8                DMA1_CH3_IRQHandler
                0x0000000008000ea8                TIM3_IRQHandler
                0x0000000008000ea8                RCC_IRQHandler
                0x0000000008000ea8                TIM20_UP_IRQHandler
                0x0000000008000ea8                Default_Handler
                0x0000000008000ea8                USART3_EXTI28_IRQHandler
                0x0000000008000ea8                TIM7_IRQHandler
                0x0000000008000ea8                I2C3_EV_IRQHandler
                0x0000000008000ea8                EXTI9_5_IRQHandler
                0x0000000008000ea8                DMA1_CH2_IRQHandler
                0x0000000008000ea8                RTC_WKUP_IRQHandler
                0x0000000008000ea8                SPI2_IRQHandler
                0x0000000008000ea8                DMA1_CH1_IRQHandler
                0x0000000008000ea8                USB_LP_CAN_RX0_IRQHandler
                0x0000000008000ea8                MemManage_Handler
                0x0000000008000ea8                COMP123_IRQHandler
                0x0000000008000ea8                SVC_Handler
                0x0000000008000ea8                USB_LP_IRQHandler
                0x0000000008000ea8                EXTI4_IRQHandler
                0x0000000008000ea8                TIM1_TRG_COM_TIM17_IRQHandler
                0x0000000008000ea8                ADC4_IRQHandler
                0x0000000008000ea8                WWDG_IRQHandler
                0x0000000008000ea8                COMP7_IRQHandler
                0x0000000008000ea8                EXTI1_IRQHandler
                0x0000000008000ea8                RTCAlarm_IRQHandler
                0x0000000008000ea8                UART5_EXTI35_IRQHandler
                0x0000000008000ea8                TIM20_BRK_IRQHandler
                0x0000000008000ea8                I2C2_ER_IRQHandler
                0x0000000008000ea8                TIM8_BRK_IRQHandler
                0x0000000008000ea8                FLASH_IRQHandler
                0x0000000008000ea8                TIM20_CC_IRQHandler
                0x0000000008000ea8                BusFault_Handler
                0x0000000008000ea8                SPI3_IRQHandler
                0x0000000008000ea8                DMA2_CH3_IRQHandler
                0x0000000008000ea8                DMA2_CH2_IRQHandler
                0x0000000008000ea8                I2C1_ER_IRQHandler
                0x0000000008000ea8                FMC_IRQHandler
                0x0000000008000ea8                DMA1_CH5_IRQHandler
                0x0000000008000ea8                DMA2_CH4_IRQHandler
                0x0000000008000ea8                USB_WKUP_IRQHandler
                0x0000000008000ea8                EXTI2_TSC_IRQHandler
                0x0000000008000ea8                TIM1_BRK_TIM15_IRQHandler
 *fill*         0x0000000008000eaa        0x2 
 .text.__libc_init_array
                0x0000000008000eac       0x48 c:/st/stm32cubeide_1.7.0/stm32cubeide/plugins/com.st.stm32cube.ide.mcu.externaltools.gnu-tools-for-stm32.9-2020-q2-update.win32_2.0.0.202105311346/tools/bin/../lib/gcc/arm-none-eabi/9.3.1/../../../../arm-none-eabi/lib/thumb/v7e-m+fp/hard\libc_nano.a(lib_a-init.o)
                0x0000000008000eac                __libc_init_array
 .text.strcat   0x0000000008000ef4       0x1e c:/st/stm32cubeide_1.7.0/stm32cubeide/plugins/com.st.stm32cube.ide.mcu.externaltools.gnu-tools-for-stm32.9-2020-q2-update.win32_2.0.0.202105311346/tools/bin/../lib/gcc/arm-none-eabi/9.3.1/../../../../arm-none-eabi/lib/thumb/v7e-m+fp/hard\libc_nano.a(lib_a-strcat.o)
                0x0000000008000ef4                strcat
 .text.strcpy   0x0000000008000f12       0x10 c:/st/stm32cubeide_1.7.0/stm32cubeide/plugins/com.st.stm32cube.ide.mcu.externaltools.gnu-tools-for-stm32.9-2020-q2-update.win32_2.0.0.202105311346/tools/bin/../lib/gcc/arm-none-eabi/9.3.1/../../../../arm-none-eabi/lib/thumb/v7e-m+fp/hard\libc_nano.a(lib_a-strcpy.o)
                0x0000000008000f12                strcpy
 .text.strstr   0x0000000008000f22       0x2e c:/st/stm32cubeide_1.7.0/stm32cubeide/plugins/com.st.stm32cube.ide.mcu.externaltools.gnu-tools-for-stm32.9-2020-q2-update.win32_2.0.0.202105311346/tools/bin/../lib/gcc/arm-none-eabi/9.3.1/../../../../arm-none-eabi/lib/thumb/v7e-m+fp/hard\libc_nano.a(lib_a-strstr.o)
                0x0000000008000f22                strstr
 .text._vsprintf_r
                0x0000000008000f50       0x2c c:/st/stm32cubeide_1.7.0/stm32cubeide/plugins/com.st.stm32cube.ide.mcu.externaltools.gnu-tools-for-stm32.9-2020-q2-update.win32_2.0.0.202105311346/tools/bin/../lib/gcc/arm-none-eabi/9.3.1/../../../../arm-none-eabi/lib/thumb/v7e-m+fp/hard\libc_nano.a(lib_a-vsprintf.o)
                0x0000000008000f50                _vsprintf_r
                0x0000000008000f50                _vsiprintf_r
 .text.vsprintf
                0x0000000008000f7c       0x14 c:/st/stm32cubeide_1.7.0/stm32cubeide/plugins/com.st.stm32cube.ide.mcu.externaltools.gnu-tools-for-stm32.9-2020-q2-update.win32_2.0.0.202105311346/tools/bin/../lib/gcc/arm-none-eabi/9.3.1/../../../../arm-none-eabi/lib/thumb/v7e-m+fp/hard\libc_nano.a(lib_a-vsprintf.o)
                0x0000000008000f7c                vsiprintf
                0x0000000008000f7c                vsprintf
 .text.__ssputs_r
                0x0000000008000f90       0xb6 c:/st/stm32cubeide_1.7.0/stm32cubeide/plugins/com.st.stm32cube.ide.mcu.externaltools.gnu-tools-for-stm32.9-2020-q2-update.win32_2.0.0.202105311346/tools/bin/../lib/gcc/arm-none-eabi/9.3.1/../../../../arm-none-eabi/lib/thumb/v7e-m+fp/hard\libc_nano.a(lib_a-nano-svfprintf.o)
                0x0000000008000f90                __ssputs_r
 *fill*         0x0000000008001046        0x2 
 .text._svfprintf_r
                0x0000000008001048      0x200 c:/st/stm32cubeide_1.7.0/stm32cubeide/plugins/com.st.stm32cube.ide.mcu.externaltools.gnu-tools-for-stm32.9-2020-q2-update.win32_2.0.0.202105311346/tools/bin/../lib/gcc/arm-none-eabi/9.3.1/../../../../arm-none-eabi/lib/thumb/v7e-m+fp/hard\libc_nano.a(lib_a-nano-svfprintf.o)
                0x0000000008001048                _svfiprintf_r
                0x0000000008001048                _svfprintf_r
 .text._printf_common
                0x0000000008001248       0xda c:/st/stm32cubeide_1.7.0/stm32cubeide/plugins/com.st.stm32cube.ide.mcu.externaltools.gnu-tools-for-stm32.9-2020-q2-update.win32_2.0.0.202105311346/tools/bin/../lib/gcc/arm-none-eabi/9.3.1/../../../../arm-none-eabi/lib/thumb/v7e-m+fp/hard\libc_nano.a(lib_a-nano-vfprintf_i.o)
                0x0000000008001248                _printf_common
 *fill*         0x0000000008001322        0x2 
 .text._printf_i
                0x0000000008001324      0x24c c:/st/stm32cubeide_1.7.0/stm32cubeide/plugins/com.st.stm32cube.ide.mcu.externaltools.gnu-tools-for-stm32.9-2020-q2-update.win32_2.0.0.202105311346/tools/bin/../lib/gcc/arm-none-eabi/9.3.1/../../../../arm-none-eabi/lib/thumb/v7e-m+fp/hard\libc_nano.a(lib_a-nano-vfprintf_i.o)
                0x0000000008001324                _printf_i
 .text.memcpy   0x0000000008001570       0x1c c:/st/stm32cubeide_1.7.0/stm32cubeide/plugins/com.st.stm32cube.ide.mcu.externaltools.gnu-tools-for-stm32.9-2020-q2-update.win32_2.0.0.202105311346/tools/bin/../lib/gcc/arm-none-eabi/9.3.1/../../../../arm-none-eabi/lib/thumb/v7e-m+fp/hard\libc_nano.a(lib_a-memcpy-stub.o)
                0x0000000008001570                memcpy
 .text.memmove  0x000000000800158c       0x34 c:/st/stm32cubeide_1.7.0/stm32cubeide/plugins/com.st.stm32cube.ide.mcu.externaltools.gnu-tools-for-stm32.9-2020-q2-update.win32_2.0.0.202105311346/tools/bin/../lib/gcc/arm-none-eabi/9.3.1/../../../../arm-none-eabi/lib/thumb/v7e-m+fp/hard\libc_nano.a(lib_a-memmove.o)
                0x000000000800158c                memmove
 .text._free_r  0x00000000080015c0       0xa0 c:/st/stm32cubeide_1.7.0/stm32cubeide/plugins/com.st.stm32cube.ide.mcu.externaltools.gnu-tools-for-stm32.9-2020-q2-update.win32_2.0.0.202105311346/tools/bin/../lib/gcc/arm-none-eabi/9.3.1/../../../../arm-none-eabi/lib/thumb/v7e-m+fp/hard\libc_nano.a(lib_a-nano-freer.o)
                0x00000000080015c0                _free_r
 .text._malloc_r
                0x0000000008001660       0xb4 c:/st/stm32cubeide_1.7.0/stm32cubeide/plugins/com.st.stm32cube.ide.mcu.externaltools.gnu-tools-for-stm32.9-2020-q2-update.win32_2.0.0.202105311346/tools/bin/../lib/gcc/arm-none-eabi/9.3.1/../../../../arm-none-eabi/lib/thumb/v7e-m+fp/hard\libc_nano.a(lib_a-nano-mallocr.o)
                0x0000000008001660                _malloc_r
 .text._realloc_r
                0x0000000008001714       0x4c c:/st/stm32cubeide_1.7.0/stm32cubeide/plugins/com.st.stm32cube.ide.mcu.externaltools.gnu-tools-for-stm32.9-2020-q2-update.win32_2.0.0.202105311346/tools/bin/../lib/gcc/arm-none-eabi/9.3.1/../../../../arm-none-eabi/lib/thumb/v7e-m+fp/hard\libc_nano.a(lib_a-nano-reallocr.o)
                0x0000000008001714                _realloc_r
 .text._sbrk_r  0x0000000008001760       0x20 c:/st/stm32cubeide_1.7.0/stm32cubeide/plugins/com.st.stm32cube.ide.mcu.externaltools.gnu-tools-for-stm32.9-2020-q2-update.win32_2.0.0.202105311346/tools/bin/../lib/gcc/arm-none-eabi/9.3.1/../../../../arm-none-eabi/lib/thumb/v7e-m+fp/hard\libc_nano.a(lib_a-sbrkr.o)
                0x0000000008001760                _sbrk_r
 .text.__malloc_lock
                0x0000000008001780        0xc c:/st/stm32cubeide_1.7.0/stm32cubeide/plugins/com.st.stm32cube.ide.mcu.externaltools.gnu-tools-for-stm32.9-2020-q2-update.win32_2.0.0.202105311346/tools/bin/../lib/gcc/arm-none-eabi/9.3.1/../../../../arm-none-eabi/lib/thumb/v7e-m+fp/hard\libc_nano.a(lib_a-mlock.o)
                0x0000000008001780                __malloc_lock
 .text.__malloc_unlock
                0x000000000800178c        0xc c:/st/stm32cubeide_1.7.0/stm32cubeide/plugins/com.st.stm32cube.ide.mcu.externaltools.gnu-tools-for-stm32.9-2020-q2-update.win32_2.0.0.202105311346/tools/bin/../lib/gcc/arm-none-eabi/9.3.1/../../../../arm-none-eabi/lib/thumb/v7e-m+fp/hard\libc_nano.a(lib_a-mlock.o)
                0x000000000800178c                __malloc_unlock
 .text._malloc_usable_size_r
                0x0000000008001798       0x10 c:/st/stm32cubeide_1.7.0/stm32cubeide/plugins/com.st.stm32cube.ide.mcu.externaltools.gnu-tools-for-stm32.9-2020-q2-update.win32_2.0.0.202105311346/tools/bin/../lib/gcc/arm-none-eabi/9.3.1/../../../../arm-none-eabi/lib/thumb/v7e-m+fp/hard\libc_nano.a(lib_a-nano-msizer.o)
                0x0000000008001798                _malloc_usable_size_r
 .text.__retarget_lock_acquire_recursive
                0x00000000080017a8        0x2 c:/st/stm32cubeide_1.7.0/stm32cubeide/plugins/com.st.stm32cube.ide.mcu.externaltools.gnu-tools-for-stm32.9-2020-q2-update.win32_2.0.0.202105311346/tools/bin/../lib/gcc/arm-none-eabi/9.3.1/../../../../arm-none-eabi/lib/thumb/v7e-m+fp/hard\libc_nano.a(lib_a-lock.o)
                0x00000000080017a8                __retarget_lock_acquire_recursive
 .text.__retarget_lock_release_recursive
                0x00000000080017aa        0x2 c:/st/stm32cubeide_1.7.0/stm32cubeide/plugins/com.st.stm32cube.ide.mcu.externaltools.gnu-tools-for-stm32.9-2020-q2-update.win32_2.0.0.202105311346/tools/bin/../lib/gcc/arm-none-eabi/9.3.1/../../../../arm-none-eabi/lib/thumb/v7e-m+fp/hard\libc_nano.a(lib_a-lock.o)
                0x00000000080017aa                __retarget_lock_release_recursive
 .text._sbrk    0x00000000080017ac       0x1c c:/st/stm32cubeide_1.7.0/stm32cubeide/plugins/com.st.stm32cube.ide.mcu.externaltools.gnu-tools-for-stm32.9-2020-q2-update.win32_2.0.0.202105311346/tools/bin/../lib/gcc/arm-none-eabi/9.3.1/../../../../arm-none-eabi/lib/thumb/v7e-m+fp/hard\libnosys.a(sbrk.o)
                0x00000000080017ac                _sbrk
 *(.glue_7)
 .glue_7        0x00000000080017c8        0x0 linker stubs
 *(.glue_7t)
 .glue_7t       0x00000000080017c8        0x0 linker stubs
 *(.eh_frame)
 .eh_frame      0x00000000080017c8        0x0 c:/st/stm32cubeide_1.7.0/stm32cubeide/plugins/com.st.stm32cube.ide.mcu.externaltools.gnu-tools-for-stm32.9-2020-q2-update.win32_2.0.0.202105311346/tools/bin/../lib/gcc/arm-none-eabi/9.3.1/thumb/v7e-m+fp/hard/crtbegin.o
 *(.init)
 .init          0x00000000080017c8        0x4 c:/st/stm32cubeide_1.7.0/stm32cubeide/plugins/com.st.stm32cube.ide.mcu.externaltools.gnu-tools-for-stm32.9-2020-q2-update.win32_2.0.0.202105311346/tools/bin/../lib/gcc/arm-none-eabi/9.3.1/thumb/v7e-m+fp/hard/crti.o
                0x00000000080017c8                _init
 .init          0x00000000080017cc        0x8 c:/st/stm32cubeide_1.7.0/stm32cubeide/plugins/com.st.stm32cube.ide.mcu.externaltools.gnu-tools-for-stm32.9-2020-q2-update.win32_2.0.0.202105311346/tools/bin/../lib/gcc/arm-none-eabi/9.3.1/thumb/v7e-m+fp/hard/crtn.o
 *(.fini)
 .fini          0x00000000080017d4        0x4 c:/st/stm32cubeide_1.7.0/stm32cubeide/plugins/com.st.stm32cube.ide.mcu.externaltools.gnu-tools-for-stm32.9-2020-q2-update.win32_2.0.0.202105311346/tools/bin/../lib/gcc/arm-none-eabi/9.3.1/thumb/v7e-m+fp/hard/crti.o
                0x00000000080017d4                _fini
 .fini          0x00000000080017d8        0x8 c:/st/stm32cubeide_1.7.0/stm32cubeide/plugins/com.st.stm32cube.ide.mcu.externaltools.gnu-tools-for-stm32.9-2020-q2-update.win32_2.0.0.202105311346/tools/bin/../lib/gcc/arm-none-eabi/9.3.1/thumb/v7e-m+fp/hard/crtn.o
                0x00000000080017e0                . = ALIGN (0x4)
                0x00000000080017e0                _etext = .

.vfp11_veneer   0x00000000080017e0        0x0
 .vfp11_veneer  0x00000000080017e0        0x0 linker stubs

.v4_bx          0x00000000080017e0        0x0
 .v4_bx         0x00000000080017e0        0x0 linker stubs

.iplt           0x00000000080017e0        0x0
 .iplt          0x00000000080017e0        0x0 c:/st/stm32cubeide_1.7.0/stm32cubeide/plugins/com.st.stm32cube.ide.mcu.externaltools.gnu-tools-for-stm32.9-2020-q2-update.win32_2.0.0.202105311346/tools/bin/../lib/gcc/arm-none-eabi/9.3.1/thumb/v7e-m+fp/hard/crtbegin.o

.rodata         0x00000000080017e0      0x36c
                0x00000000080017e0                . = ALIGN (0x4)
 *(.rodata)
 .rodata        0x00000000080017e0       0x21 ./Src/button.o
 *fill*         0x0000000008001801        0x3 
 .rodata        0x0000000008001804       0x4b ./Src/led.o
 *fill*         0x000000000800184f        0x1 
 .rodata        0x0000000008001850       0x8d ./Src/main.o
 *fill*         0x00000000080018dd        0x3 
 .rodata        0x00000000080018e0       0x85 ./Src/modem.o
 *fill*         0x0000000008001965        0x3 
 .rodata        0x0000000008001968       0xc7 ./Src/terminal.o
 *fill*         0x0000000008001a2f        0x1 
 .rodata        0x0000000008001a30       0xe7 ./Src/usart1terminal.o
 *(.rodata*)
 .rodata._svfprintf_r.str1.1
                0x0000000008001b17       0x11 c:/st/stm32cubeide_1.7.0/stm32cubeide/plugins/com.st.stm32cube.ide.mcu.externaltools.gnu-tools-for-stm32.9-2020-q2-update.win32_2.0.0.202105311346/tools/bin/../lib/gcc/arm-none-eabi/9.3.1/../../../../arm-none-eabi/lib/thumb/v7e-m+fp/hard\libc_nano.a(lib_a-nano-svfprintf.o)
 .rodata._printf_i.str1.1
                0x0000000008001b28       0x22 c:/st/stm32cubeide_1.7.0/stm32cubeide/plugins/com.st.stm32cube.ide.mcu.externaltools.gnu-tools-for-stm32.9-2020-q2-update.win32_2.0.0.202105311346/tools/bin/../lib/gcc/arm-none-eabi/9.3.1/../../../../arm-none-eabi/lib/thumb/v7e-m+fp/hard\libc_nano.a(lib_a-nano-vfprintf_i.o)
                0x0000000008001b4c                . = ALIGN (0x4)
 *fill*         0x0000000008001b4a        0x2 

.rel.dyn        0x0000000008001b4c        0x0
 .rel.iplt      0x0000000008001b4c        0x0 c:/st/stm32cubeide_1.7.0/stm32cubeide/plugins/com.st.stm32cube.ide.mcu.externaltools.gnu-tools-for-stm32.9-2020-q2-update.win32_2.0.0.202105311346/tools/bin/../lib/gcc/arm-none-eabi/9.3.1/thumb/v7e-m+fp/hard/crtbegin.o

.ARM.extab      0x0000000008001b4c        0x0
                0x0000000008001b4c                . = ALIGN (0x4)
 *(.ARM.extab* .gnu.linkonce.armextab.*)
                0x0000000008001b4c                . = ALIGN (0x4)

.ARM            0x0000000008001b4c        0x0
                0x0000000008001b4c                . = ALIGN (0x4)
                0x0000000008001b4c                __exidx_start = .
 *(.ARM.exidx*)
                0x0000000008001b4c                __exidx_end = .
                0x0000000008001b4c                . = ALIGN (0x4)

.preinit_array  0x0000000008001b4c        0x0
                0x0000000008001b4c                . = ALIGN (0x4)
                0x0000000008001b4c                PROVIDE (__preinit_array_start = .)
 *(.preinit_array*)
                0x0000000008001b4c                PROVIDE (__preinit_array_end = .)
                0x0000000008001b4c                . = ALIGN (0x4)

.init_array     0x0000000008001b4c        0x4
                0x0000000008001b4c                . = ALIGN (0x4)
                0x0000000008001b4c                PROVIDE (__init_array_start = .)
 *(SORT_BY_NAME(.init_array.*))
 *(.init_array*)
 .init_array    0x0000000008001b4c        0x4 c:/st/stm32cubeide_1.7.0/stm32cubeide/plugins/com.st.stm32cube.ide.mcu.externaltools.gnu-tools-for-stm32.9-2020-q2-update.win32_2.0.0.202105311346/tools/bin/../lib/gcc/arm-none-eabi/9.3.1/thumb/v7e-m+fp/hard/crtbegin.o
                0x0000000008001b50                PROVIDE (__init_array_end = .)
                0x0000000008001b50                . = ALIGN (0x4)

.fini_array     0x0000000008001b50        0x4
                0x0000000008001b50                . = ALIGN (0x4)
                [!provide]                        PROVIDE (__fini_array_start = .)
 *(SORT_BY_NAME(.fini_array.*))
 *(.fini_array*)
 .fini_array    0x0000000008001b50        0x4 c:/st/stm32cubeide_1.7.0/stm32cubeide/plugins/com.st.stm32cube.ide.mcu.externaltools.gnu-tools-for-stm32.9-2020-q2-update.win32_2.0.0.202105311346/tools/bin/../lib/gcc/arm-none-eabi/9.3.1/thumb/v7e-m+fp/hard/crtbegin.o
                [!provide]                        PROVIDE (__fini_array_end = .)
                0x0000000008001b54                . = ALIGN (0x4)
                0x0000000008001b54                _sidata = LOADADDR (.data)

.data           0x0000000020000000       0x68 load address 0x0000000008001b54
                0x0000000020000000                . = ALIGN (0x4)
                0x0000000020000000                _sdata = .
 *(.data)
 *(.data*)
 .data.currentState
                0x0000000020000000        0x4 ./Src/led.o
 .data._impure_ptr
                0x0000000020000004        0x4 c:/st/stm32cubeide_1.7.0/stm32cubeide/plugins/com.st.stm32cube.ide.mcu.externaltools.gnu-tools-for-stm32.9-2020-q2-update.win32_2.0.0.202105311346/tools/bin/../lib/gcc/arm-none-eabi/9.3.1/../../../../arm-none-eabi/lib/thumb/v7e-m+fp/hard\libc_nano.a(lib_a-impure.o)
                0x0000000020000004                _impure_ptr
 .data.impure_data
                0x0000000020000008       0x60 c:/st/stm32cubeide_1.7.0/stm32cubeide/plugins/com.st.stm32cube.ide.mcu.externaltools.gnu-tools-for-stm32.9-2020-q2-update.win32_2.0.0.202105311346/tools/bin/../lib/gcc/arm-none-eabi/9.3.1/../../../../arm-none-eabi/lib/thumb/v7e-m+fp/hard\libc_nano.a(lib_a-impure.o)
 *(.RamFunc)
 *(.RamFunc*)
                0x0000000020000068                . = ALIGN (0x4)
                0x0000000020000068                _edata = .

.igot.plt       0x0000000020000068        0x0 load address 0x0000000008001bbc
 .igot.plt      0x0000000020000068        0x0 c:/st/stm32cubeide_1.7.0/stm32cubeide/plugins/com.st.stm32cube.ide.mcu.externaltools.gnu-tools-for-stm32.9-2020-q2-update.win32_2.0.0.202105311346/tools/bin/../lib/gcc/arm-none-eabi/9.3.1/thumb/v7e-m+fp/hard/crtbegin.o
                0x0000000020000068                . = ALIGN (0x4)

.bss            0x0000000020000068      0x460 load address 0x0000000008001bbc
                0x0000000020000068                _sbss = .
                0x0000000020000068                __bss_start__ = _sbss
 *(.bss)
 .bss           0x0000000020000068       0x1c c:/st/stm32cubeide_1.7.0/stm32cubeide/plugins/com.st.stm32cube.ide.mcu.externaltools.gnu-tools-for-stm32.9-2020-q2-update.win32_2.0.0.202105311346/tools/bin/../lib/gcc/arm-none-eabi/9.3.1/thumb/v7e-m+fp/hard/crtbegin.o
 *(.bss*)
 .bss.eventQ_cy
                0x0000000020000084       0x88 ./Src/eventQ.o
 .bss.Blink     0x000000002000010c        0x1 ./Src/led.o
 .bss.Blink_Counter
                0x000000002000010d        0x1 ./Src/led.o
 .bss.clientState
                0x000000002000010e        0x1 ./Src/modem.o
 .bss.wifiConnecting
                0x000000002000010f        0x1 ./Src/modem.o
 .bss.A_Command_Buffer
                0x0000000020000110       0x80 ./Src/terminal.o
 .bss.waitForSSID
                0x0000000020000190        0x1 ./Src/terminal.o
 *fill*         0x0000000020000191        0x3 
 .bss.ssid      0x0000000020000194       0x80 ./Src/terminal.o
 .bss.waitForPassword
                0x0000000020000214        0x1 ./Src/terminal.o
 *fill*         0x0000000020000215        0x3 
 .bss.password  0x0000000020000218       0x80 ./Src/terminal.o
 .bss.Expired   0x0000000020000298        0x1 ./Src/timer2.o
 *fill*         0x0000000020000299        0x3 
 .bss.usart1_cy
                0x000000002000029c       0x88 ./Src/usart1.o
 .bss.A_Rx_Buffer
                0x0000000020000324       0x80 ./Src/usart1terminal.o
 .bss.usart2_cy
                0x00000000200003a4       0x88 ./Src/usart2.o
 .bss.A_Tx_Buffer
                0x000000002000042c       0x80 ./Src/usart2.o
 .bss.__malloc_free_list
                0x00000000200004ac        0x4 c:/st/stm32cubeide_1.7.0/stm32cubeide/plugins/com.st.stm32cube.ide.mcu.externaltools.gnu-tools-for-stm32.9-2020-q2-update.win32_2.0.0.202105311346/tools/bin/../lib/gcc/arm-none-eabi/9.3.1/../../../../arm-none-eabi/lib/thumb/v7e-m+fp/hard\libc_nano.a(lib_a-nano-mallocr.o)
                0x00000000200004ac                __malloc_free_list
 .bss.__malloc_sbrk_start
                0x00000000200004b0        0x4 c:/st/stm32cubeide_1.7.0/stm32cubeide/plugins/com.st.stm32cube.ide.mcu.externaltools.gnu-tools-for-stm32.9-2020-q2-update.win32_2.0.0.202105311346/tools/bin/../lib/gcc/arm-none-eabi/9.3.1/../../../../arm-none-eabi/lib/thumb/v7e-m+fp/hard\libc_nano.a(lib_a-nano-mallocr.o)
                0x00000000200004b0                __malloc_sbrk_start
 .bss.heap_end.5507
                0x00000000200004b4        0x4 c:/st/stm32cubeide_1.7.0/stm32cubeide/plugins/com.st.stm32cube.ide.mcu.externaltools.gnu-tools-for-stm32.9-2020-q2-update.win32_2.0.0.202105311346/tools/bin/../lib/gcc/arm-none-eabi/9.3.1/../../../../arm-none-eabi/lib/thumb/v7e-m+fp/hard\libnosys.a(sbrk.o)
 *(COMMON)
 COMMON         0x00000000200004b8        0x4 c:/st/stm32cubeide_1.7.0/stm32cubeide/plugins/com.st.stm32cube.ide.mcu.externaltools.gnu-tools-for-stm32.9-2020-q2-update.win32_2.0.0.202105311346/tools/bin/../lib/gcc/arm-none-eabi/9.3.1/../../../../arm-none-eabi/lib/thumb/v7e-m+fp/hard\libc_nano.a(lib_a-reent.o)
                0x00000000200004b8                errno
 COMMON         0x00000000200004bc        0x9 c:/st/stm32cubeide_1.7.0/stm32cubeide/plugins/com.st.stm32cube.ide.mcu.externaltools.gnu-tools-for-stm32.9-2020-q2-update.win32_2.0.0.202105311346/tools/bin/../lib/gcc/arm-none-eabi/9.3.1/../../../../arm-none-eabi/lib/thumb/v7e-m+fp/hard\libc_nano.a(lib_a-lock.o)
                0x00000000200004bc                __lock___atexit_recursive_mutex
                0x00000000200004bd                __lock___arc4random_mutex
                0x00000000200004be                __lock___env_recursive_mutex
                0x00000000200004bf                __lock___sinit_recursive_mutex
                0x00000000200004c0                __lock___malloc_recursive_mutex
                0x00000000200004c1                __lock___at_quick_exit_mutex
                0x00000000200004c2                __lock___dd_hash_mutex
                0x00000000200004c3                __lock___tz_mutex
                0x00000000200004c4                __lock___sfp_recursive_mutex
                0x00000000200004c8                . = ALIGN (0x4)
 *fill*         0x00000000200004c5        0x3 
                0x00000000200004c8                _ebss = .
                0x00000000200004c8                __bss_end__ = _ebss

._user_heap_stack
                0x00000000200004c8      0x600 load address 0x0000000008001bbc
                0x00000000200004c8                . = ALIGN (0x8)
                0x00000000200004c8                PROVIDE (end = .)
                [!provide]                        PROVIDE (_end = .)
                0x00000000200006c8                . = (. + _Min_Heap_Size)
 *fill*         0x00000000200004c8      0x200 
                0x0000000020000ac8                . = (. + _Min_Stack_Size)
 *fill*         0x00000000200006c8      0x400 
                0x0000000020000ac8                . = ALIGN (0x8)

/DISCARD/
 libc.a(*)
 libm.a(*)
 libgcc.a(*)

.ARM.attributes
                0x0000000000000000       0x30
 *(.ARM.attributes)
 .ARM.attributes
                0x0000000000000000       0x1e c:/st/stm32cubeide_1.7.0/stm32cubeide/plugins/com.st.stm32cube.ide.mcu.externaltools.gnu-tools-for-stm32.9-2020-q2-update.win32_2.0.0.202105311346/tools/bin/../lib/gcc/arm-none-eabi/9.3.1/thumb/v7e-m+fp/hard/crti.o
 .ARM.attributes
                0x000000000000001e       0x34 c:/st/stm32cubeide_1.7.0/stm32cubeide/plugins/com.st.stm32cube.ide.mcu.externaltools.gnu-tools-for-stm32.9-2020-q2-update.win32_2.0.0.202105311346/tools/bin/../lib/gcc/arm-none-eabi/9.3.1/thumb/v7e-m+fp/hard/crtbegin.o
 .ARM.attributes
                0x0000000000000052       0x34 ./Src/button.o
 .ARM.attributes
                0x0000000000000086       0x34 ./Src/cyclic_buffer.o
 .ARM.attributes
                0x00000000000000ba       0x34 ./Src/eventQ.o
 .ARM.attributes
                0x00000000000000ee       0x34 ./Src/led.o
 .ARM.attributes
                0x0000000000000122       0x34 ./Src/main.o
 .ARM.attributes
                0x0000000000000156       0x34 ./Src/modem.o
 .ARM.attributes
                0x000000000000018a       0x34 ./Src/terminal.o
 .ARM.attributes
                0x00000000000001be       0x34 ./Src/timer2.o
 .ARM.attributes
                0x00000000000001f2       0x34 ./Src/usart1.o
 .ARM.attributes
                0x0000000000000226       0x34 ./Src/usart1terminal.o
 .ARM.attributes
                0x000000000000025a       0x34 ./Src/usart2.o
 .ARM.attributes
                0x000000000000028e       0x34 ./Src/watchdog.o
 .ARM.attributes
                0x00000000000002c2       0x21 ./Startup/startup_stm32f303retx.o
 .ARM.attributes
                0x00000000000002e3       0x32 c:/st/stm32cubeide_1.7.0/stm32cubeide/plugins/com.st.stm32cube.ide.mcu.externaltools.gnu-tools-for-stm32.9-2020-q2-update.win32_2.0.0.202105311346/tools/bin/../lib/gcc/arm-none-eabi/9.3.1/../../../../arm-none-eabi/lib/thumb/v7e-m+fp/hard\libc_nano.a(lib_a-impure.o)
 .ARM.attributes
                0x0000000000000315       0x34 c:/st/stm32cubeide_1.7.0/stm32cubeide/plugins/com.st.stm32cube.ide.mcu.externaltools.gnu-tools-for-stm32.9-2020-q2-update.win32_2.0.0.202105311346/tools/bin/../lib/gcc/arm-none-eabi/9.3.1/../../../../arm-none-eabi/lib/thumb/v7e-m+fp/hard\libc_nano.a(lib_a-init.o)
 .ARM.attributes
                0x0000000000000349       0x34 c:/st/stm32cubeide_1.7.0/stm32cubeide/plugins/com.st.stm32cube.ide.mcu.externaltools.gnu-tools-for-stm32.9-2020-q2-update.win32_2.0.0.202105311346/tools/bin/../lib/gcc/arm-none-eabi/9.3.1/../../../../arm-none-eabi/lib/thumb/v7e-m+fp/hard\libc_nano.a(lib_a-strcat.o)
 .ARM.attributes
                0x000000000000037d       0x1c c:/st/stm32cubeide_1.7.0/stm32cubeide/plugins/com.st.stm32cube.ide.mcu.externaltools.gnu-tools-for-stm32.9-2020-q2-update.win32_2.0.0.202105311346/tools/bin/../lib/gcc/arm-none-eabi/9.3.1/../../../../arm-none-eabi/lib/thumb/v7e-m+fp/hard\libc_nano.a(lib_a-strcmp.o)
 .ARM.attributes
                0x0000000000000399       0x34 c:/st/stm32cubeide_1.7.0/stm32cubeide/plugins/com.st.stm32cube.ide.mcu.externaltools.gnu-tools-for-stm32.9-2020-q2-update.win32_2.0.0.202105311346/tools/bin/../lib/gcc/arm-none-eabi/9.3.1/../../../../arm-none-eabi/lib/thumb/v7e-m+fp/hard\libc_nano.a(lib_a-strcpy.o)
 .ARM.attributes
                0x00000000000003cd       0x17 c:/st/stm32cubeide_1.7.0/stm32cubeide/plugins/com.st.stm32cube.ide.mcu.externaltools.gnu-tools-for-stm32.9-2020-q2-update.win32_2.0.0.202105311346/tools/bin/../lib/gcc/arm-none-eabi/9.3.1/../../../../arm-none-eabi/lib/thumb/v7e-m+fp/hard\libc_nano.a(lib_a-strlen.o)
 .ARM.attributes
                0x00000000000003e4       0x34 c:/st/stm32cubeide_1.7.0/stm32cubeide/plugins/com.st.stm32cube.ide.mcu.externaltools.gnu-tools-for-stm32.9-2020-q2-update.win32_2.0.0.202105311346/tools/bin/../lib/gcc/arm-none-eabi/9.3.1/../../../../arm-none-eabi/lib/thumb/v7e-m+fp/hard\libc_nano.a(lib_a-strstr.o)
 .ARM.attributes
                0x0000000000000418       0x34 c:/st/stm32cubeide_1.7.0/stm32cubeide/plugins/com.st.stm32cube.ide.mcu.externaltools.gnu-tools-for-stm32.9-2020-q2-update.win32_2.0.0.202105311346/tools/bin/../lib/gcc/arm-none-eabi/9.3.1/../../../../arm-none-eabi/lib/thumb/v7e-m+fp/hard\libc_nano.a(lib_a-vsprintf.o)
 .ARM.attributes
                0x000000000000044c       0x34 c:/st/stm32cubeide_1.7.0/stm32cubeide/plugins/com.st.stm32cube.ide.mcu.externaltools.gnu-tools-for-stm32.9-2020-q2-update.win32_2.0.0.202105311346/tools/bin/../lib/gcc/arm-none-eabi/9.3.1/../../../../arm-none-eabi/lib/thumb/v7e-m+fp/hard\libc_nano.a(lib_a-nano-svfprintf.o)
 .ARM.attributes
                0x0000000000000480       0x34 c:/st/stm32cubeide_1.7.0/stm32cubeide/plugins/com.st.stm32cube.ide.mcu.externaltools.gnu-tools-for-stm32.9-2020-q2-update.win32_2.0.0.202105311346/tools/bin/../lib/gcc/arm-none-eabi/9.3.1/../../../../arm-none-eabi/lib/thumb/v7e-m+fp/hard\libc_nano.a(lib_a-nano-vfprintf_i.o)
 .ARM.attributes
                0x00000000000004b4       0x1c c:/st/stm32cubeide_1.7.0/stm32cubeide/plugins/com.st.stm32cube.ide.mcu.externaltools.gnu-tools-for-stm32.9-2020-q2-update.win32_2.0.0.202105311346/tools/bin/../lib/gcc/arm-none-eabi/9.3.1/../../../../arm-none-eabi/lib/thumb/v7e-m+fp/hard\libc_nano.a(lib_a-memchr.o)
 .ARM.attributes
                0x00000000000004d0       0x34 c:/st/stm32cubeide_1.7.0/stm32cubeide/plugins/com.st.stm32cube.ide.mcu.externaltools.gnu-tools-for-stm32.9-2020-q2-update.win32_2.0.0.202105311346/tools/bin/../lib/gcc/arm-none-eabi/9.3.1/../../../../arm-none-eabi/lib/thumb/v7e-m+fp/hard\libc_nano.a(lib_a-memcpy-stub.o)
 .ARM.attributes
                0x0000000000000504       0x34 c:/st/stm32cubeide_1.7.0/stm32cubeide/plugins/com.st.stm32cube.ide.mcu.externaltools.gnu-tools-for-stm32.9-2020-q2-update.win32_2.0.0.202105311346/tools/bin/../lib/gcc/arm-none-eabi/9.3.1/../../../../arm-none-eabi/lib/thumb/v7e-m+fp/hard\libc_nano.a(lib_a-memmove.o)
 .ARM.attributes
                0x0000000000000538       0x34 c:/st/stm32cubeide_1.7.0/stm32cubeide/plugins/com.st.stm32cube.ide.mcu.externaltools.gnu-tools-for-stm32.9-2020-q2-update.win32_2.0.0.202105311346/tools/bin/../lib/gcc/arm-none-eabi/9.3.1/../../../../arm-none-eabi/lib/thumb/v7e-m+fp/hard\libc_nano.a(lib_a-nano-freer.o)
 .ARM.attributes
                0x000000000000056c       0x34 c:/st/stm32cubeide_1.7.0/stm32cubeide/plugins/com.st.stm32cube.ide.mcu.externaltools.gnu-tools-for-stm32.9-2020-q2-update.win32_2.0.0.202105311346/tools/bin/../lib/gcc/arm-none-eabi/9.3.1/../../../../arm-none-eabi/lib/thumb/v7e-m+fp/hard\libc_nano.a(lib_a-nano-mallocr.o)
 .ARM.attributes
                0x00000000000005a0       0x34 c:/st/stm32cubeide_1.7.0/stm32cubeide/plugins/com.st.stm32cube.ide.mcu.externaltools.gnu-tools-for-stm32.9-2020-q2-update.win32_2.0.0.202105311346/tools/bin/../lib/gcc/arm-none-eabi/9.3.1/../../../../arm-none-eabi/lib/thumb/v7e-m+fp/hard\libc_nano.a(lib_a-nano-reallocr.o)
 .ARM.attributes
                0x00000000000005d4       0x34 c:/st/stm32cubeide_1.7.0/stm32cubeide/plugins/com.st.stm32cube.ide.mcu.externaltools.gnu-tools-for-stm32.9-2020-q2-update.win32_2.0.0.202105311346/tools/bin/../lib/gcc/arm-none-eabi/9.3.1/../../../../arm-none-eabi/lib/thumb/v7e-m+fp/hard\libc_nano.a(lib_a-sbrkr.o)
 .ARM.attributes
                0x0000000000000608       0x34 c:/st/stm32cubeide_1.7.0/stm32cubeide/plugins/com.st.stm32cube.ide.mcu.externaltools.gnu-tools-for-stm32.9-2020-q2-update.win32_2.0.0.202105311346/tools/bin/../lib/gcc/arm-none-eabi/9.3.1/../../../../arm-none-eabi/lib/thumb/v7e-m+fp/hard\libc_nano.a(lib_a-mlock.o)
 .ARM.attributes
                0x000000000000063c       0x34 c:/st/stm32cubeide_1.7.0/stm32cubeide/plugins/com.st.stm32cube.ide.mcu.externaltools.gnu-tools-for-stm32.9-2020-q2-update.win32_2.0.0.202105311346/tools/bin/../lib/gcc/arm-none-eabi/9.3.1/../../../../arm-none-eabi/lib/thumb/v7e-m+fp/hard\libc_nano.a(lib_a-nano-msizer.o)
 .ARM.attributes
                0x0000000000000670       0x34 c:/st/stm32cubeide_1.7.0/stm32cubeide/plugins/com.st.stm32cube.ide.mcu.externaltools.gnu-tools-for-stm32.9-2020-q2-update.win32_2.0.0.202105311346/tools/bin/../lib/gcc/arm-none-eabi/9.3.1/../../../../arm-none-eabi/lib/thumb/v7e-m+fp/hard\libc_nano.a(lib_a-reent.o)
 .ARM.attributes
                0x00000000000006a4       0x34 c:/st/stm32cubeide_1.7.0/stm32cubeide/plugins/com.st.stm32cube.ide.mcu.externaltools.gnu-tools-for-stm32.9-2020-q2-update.win32_2.0.0.202105311346/tools/bin/../lib/gcc/arm-none-eabi/9.3.1/../../../../arm-none-eabi/lib/thumb/v7e-m+fp/hard\libc_nano.a(lib_a-lock.o)
 .ARM.attributes
                0x00000000000006d8       0x34 c:/st/stm32cubeide_1.7.0/stm32cubeide/plugins/com.st.stm32cube.ide.mcu.externaltools.gnu-tools-for-stm32.9-2020-q2-update.win32_2.0.0.202105311346/tools/bin/../lib/gcc/arm-none-eabi/9.3.1/../../../../arm-none-eabi/lib/thumb/v7e-m+fp/hard\libnosys.a(sbrk.o)
 .ARM.attributes
                0x000000000000070c       0x1e c:/st/stm32cubeide_1.7.0/stm32cubeide/plugins/com.st.stm32cube.ide.mcu.externaltools.gnu-tools-for-stm32.9-2020-q2-update.win32_2.0.0.202105311346/tools/bin/../lib/gcc/arm-none-eabi/9.3.1/thumb/v7e-m+fp/hard/crtn.o
OUTPUT(final_project_server.elf elf32-littlearm)
LOAD linker stubs
LOAD c:/st/stm32cubeide_1.7.0/stm32cubeide/plugins/com.st.stm32cube.ide.mcu.externaltools.gnu-tools-for-stm32.9-2020-q2-update.win32_2.0.0.202105311346/tools/bin/../lib/gcc/arm-none-eabi/9.3.1/../../../../arm-none-eabi/lib/thumb/v7e-m+fp/hard\libc.a
LOAD c:/st/stm32cubeide_1.7.0/stm32cubeide/plugins/com.st.stm32cube.ide.mcu.externaltools.gnu-tools-for-stm32.9-2020-q2-update.win32_2.0.0.202105311346/tools/bin/../lib/gcc/arm-none-eabi/9.3.1/../../../../arm-none-eabi/lib/thumb/v7e-m+fp/hard\libm.a
LOAD c:/st/stm32cubeide_1.7.0/stm32cubeide/plugins/com.st.stm32cube.ide.mcu.externaltools.gnu-tools-for-stm32.9-2020-q2-update.win32_2.0.0.202105311346/tools/bin/../lib/gcc/arm-none-eabi/9.3.1/thumb/v7e-m+fp/hard\libgcc.a

.debug_info     0x0000000000000000     0x7220
 .debug_info    0x0000000000000000     0x105b ./Src/button.o
 .debug_info    0x000000000000105b      0x171 ./Src/cyclic_buffer.o
 .debug_info    0x00000000000011cc      0xa19 ./Src/eventQ.o
 .debug_info    0x0000000000001be5      0x392 ./Src/led.o
 .debug_info    0x0000000000001f77      0xa15 ./Src/main.o
 .debug_info    0x000000000000298c      0xa98 ./Src/modem.o
 .debug_info    0x0000000000003424      0x9bc ./Src/terminal.o
 .debug_info    0x0000000000003de0      0x730 ./Src/timer2.o
 .debug_info    0x0000000000004510     0x10b7 ./Src/usart1.o
 .debug_info    0x00000000000055c7      0x968 ./Src/usart1terminal.o
 .debug_info    0x0000000000005f2f     0x112e ./Src/usart2.o
 .debug_info    0x000000000000705d      0x1a1 ./Src/watchdog.o
 .debug_info    0x00000000000071fe       0x22 ./Startup/startup_stm32f303retx.o

.debug_abbrev   0x0000000000000000     0x15a2
 .debug_abbrev  0x0000000000000000      0x232 ./Src/button.o
 .debug_abbrev  0x0000000000000232       0xfe ./Src/cyclic_buffer.o
 .debug_abbrev  0x0000000000000330      0x1f7 ./Src/eventQ.o
 .debug_abbrev  0x0000000000000527      0x123 ./Src/led.o
 .debug_abbrev  0x000000000000064a      0x1d3 ./Src/main.o
 .debug_abbrev  0x000000000000081d      0x243 ./Src/modem.o
 .debug_abbrev  0x0000000000000a60      0x1ae ./Src/terminal.o
 .debug_abbrev  0x0000000000000c0e      0x1ab ./Src/timer2.o
 .debug_abbrev  0x0000000000000db9      0x28c ./Src/usart1.o
 .debug_abbrev  0x0000000000001045      0x1ac ./Src/usart1terminal.o
 .debug_abbrev  0x00000000000011f1      0x2ad ./Src/usart2.o
 .debug_abbrev  0x000000000000149e       0xf2 ./Src/watchdog.o
 .debug_abbrev  0x0000000000001590       0x12 ./Startup/startup_stm32f303retx.o

.debug_aranges  0x0000000000000000      0x2b8
 .debug_aranges
                0x0000000000000000       0x38 ./Src/button.o
 .debug_aranges
                0x0000000000000038       0x38 ./Src/cyclic_buffer.o
 .debug_aranges
                0x0000000000000070       0x38 ./Src/eventQ.o
 .debug_aranges
                0x00000000000000a8       0x48 ./Src/led.o
 .debug_aranges
                0x00000000000000f0       0x20 ./Src/main.o
 .debug_aranges
                0x0000000000000110       0x58 ./Src/modem.o
 .debug_aranges
                0x0000000000000168       0x20 ./Src/terminal.o
 .debug_aranges
                0x0000000000000188       0x38 ./Src/timer2.o
 .debug_aranges
                0x00000000000001c0       0x40 ./Src/usart1.o
 .debug_aranges
                0x0000000000000200       0x20 ./Src/usart1terminal.o
 .debug_aranges
                0x0000000000000220       0x48 ./Src/usart2.o
 .debug_aranges
                0x0000000000000268       0x28 ./Src/watchdog.o
 .debug_aranges
                0x0000000000000290       0x28 ./Startup/startup_stm32f303retx.o

.debug_ranges   0x0000000000000000      0x1f0
 .debug_ranges  0x0000000000000000       0x28 ./Src/button.o
 .debug_ranges  0x0000000000000028       0x28 ./Src/cyclic_buffer.o
 .debug_ranges  0x0000000000000050       0x28 ./Src/eventQ.o
 .debug_ranges  0x0000000000000078       0x38 ./Src/led.o
 .debug_ranges  0x00000000000000b0       0x10 ./Src/main.o
 .debug_ranges  0x00000000000000c0       0x48 ./Src/modem.o
 .debug_ranges  0x0000000000000108       0x10 ./Src/terminal.o
 .debug_ranges  0x0000000000000118       0x28 ./Src/timer2.o
 .debug_ranges  0x0000000000000140       0x30 ./Src/usart1.o
 .debug_ranges  0x0000000000000170       0x10 ./Src/usart1terminal.o
 .debug_ranges  0x0000000000000180       0x38 ./Src/usart2.o
 .debug_ranges  0x00000000000001b8       0x18 ./Src/watchdog.o
 .debug_ranges  0x00000000000001d0       0x20 ./Startup/startup_stm32f303retx.o

.debug_macro    0x0000000000000000    0x19b4d
 .debug_macro   0x0000000000000000      0x25f ./Src/button.o
 .debug_macro   0x000000000000025f      0xaae ./Src/button.o
 .debug_macro   0x0000000000000d0d       0x28 ./Src/button.o
 .debug_macro   0x0000000000000d35       0x22 ./Src/button.o
 .debug_macro   0x0000000000000d57       0x8e ./Src/button.o
 .debug_macro   0x0000000000000de5       0x51 ./Src/button.o
 .debug_macro   0x0000000000000e36      0x103 ./Src/button.o
 .debug_macro   0x0000000000000f39       0x6a ./Src/button.o
 .debug_macro   0x0000000000000fa3      0x1df ./Src/button.o
 .debug_macro   0x0000000000001182       0x1c ./Src/button.o
 .debug_macro   0x000000000000119e       0x22 ./Src/button.o
 .debug_macro   0x00000000000011c0       0xdf ./Src/button.o
 .debug_macro   0x000000000000129f     0x102d ./Src/button.o
 .debug_macro   0x00000000000022cc      0x11f ./Src/button.o
 .debug_macro   0x00000000000023eb    0x15353 ./Src/button.o
 .debug_macro   0x000000000001773e       0x52 ./Src/button.o
 .debug_macro   0x0000000000017790       0x18 ./Src/button.o
 .debug_macro   0x00000000000177a8       0x3c ./Src/button.o
 .debug_macro   0x00000000000177e4       0x34 ./Src/button.o
 .debug_macro   0x0000000000017818       0x16 ./Src/button.o
 .debug_macro   0x000000000001782e       0x97 ./Src/button.o
 .debug_macro   0x00000000000178c5      0x333 ./Src/button.o
 .debug_macro   0x0000000000017bf8       0xfd ./Src/button.o
 .debug_macro   0x0000000000017cf5       0x10 ./Src/button.o
 .debug_macro   0x0000000000017d05       0x16 ./Src/button.o
 .debug_macro   0x0000000000017d1b       0x43 ./Src/button.o
 .debug_macro   0x0000000000017d5e       0x34 ./Src/button.o
 .debug_macro   0x0000000000017d92       0x10 ./Src/button.o
 .debug_macro   0x0000000000017da2       0x58 ./Src/button.o
 .debug_macro   0x0000000000017dfa       0x71 ./Src/button.o
 .debug_macro   0x0000000000017e6b       0x1c ./Src/button.o
 .debug_macro   0x0000000000017e87      0x12a ./Src/button.o
 .debug_macro   0x0000000000017fb1       0x10 ./Src/button.o
 .debug_macro   0x0000000000017fc1       0x1c ./Src/button.o
 .debug_macro   0x0000000000017fdd       0x52 ./Src/button.o
 .debug_macro   0x000000000001802f       0x22 ./Src/button.o
 .debug_macro   0x0000000000018051       0x10 ./Src/button.o
 .debug_macro   0x0000000000018061       0x40 ./Src/button.o
 .debug_macro   0x00000000000180a1       0xd5 ./Src/button.o
 .debug_macro   0x0000000000018176       0x1c ./Src/button.o
 .debug_macro   0x0000000000018192       0x3d ./Src/button.o
 .debug_macro   0x00000000000181cf       0x16 ./Src/button.o
 .debug_macro   0x00000000000181e5      0x145 ./Src/button.o
 .debug_macro   0x000000000001832a       0x28 ./Src/cyclic_buffer.o
 .debug_macro   0x0000000000018352       0x10 ./Src/cyclic_buffer.o
 .debug_macro   0x0000000000018362      0x1c6 ./Src/eventQ.o
 .debug_macro   0x0000000000018528       0x4c ./Src/eventQ.o
 .debug_macro   0x0000000000018574       0x94 ./Src/eventQ.o
 .debug_macro   0x0000000000018608       0x57 ./Src/eventQ.o
 .debug_macro   0x000000000001865f      0x339 ./Src/eventQ.o
 .debug_macro   0x0000000000018998       0xe5 ./Src/led.o
 .debug_macro   0x0000000000018a7d       0x10 ./Src/led.o
 .debug_macro   0x0000000000018a8d       0x10 ./Src/led.o
 .debug_macro   0x0000000000018a9d      0x2ca ./Src/main.o
 .debug_macro   0x0000000000018d67      0x174 ./Src/main.o
 .debug_macro   0x0000000000018edb       0x10 ./Src/main.o
 .debug_macro   0x0000000000018eeb       0x35 ./Src/main.o
 .debug_macro   0x0000000000018f20       0x20 ./Src/main.o
 .debug_macro   0x0000000000018f40       0xd9 ./Src/main.o
 .debug_macro   0x0000000000019019       0x10 ./Src/main.o
 .debug_macro   0x0000000000019029       0x10 ./Src/main.o
 .debug_macro   0x0000000000019039       0x16 ./Src/main.o
 .debug_macro   0x000000000001904f       0x1c ./Src/main.o
 .debug_macro   0x000000000001906b      0x143 ./Src/modem.o
 .debug_macro   0x00000000000191ae      0x13f ./Src/terminal.o
 .debug_macro   0x00000000000192ed       0xd7 ./Src/timer2.o
 .debug_macro   0x00000000000193c4      0x27a ./Src/usart1.o
 .debug_macro   0x000000000001963e       0x58 ./Src/usart1.o
 .debug_macro   0x0000000000019696       0x16 ./Src/usart1.o
 .debug_macro   0x00000000000196ac       0x10 ./Src/usart1.o
 .debug_macro   0x00000000000196bc      0x152 ./Src/usart1terminal.o
 .debug_macro   0x000000000001980e      0x276 ./Src/usart2.o
 .debug_macro   0x0000000000019a84       0xc9 ./Src/watchdog.o

.debug_line     0x0000000000000000     0x423c
 .debug_line    0x0000000000000000      0x69e ./Src/button.o
 .debug_line    0x000000000000069e      0x102 ./Src/cyclic_buffer.o
 .debug_line    0x00000000000007a0      0x5c2 ./Src/eventQ.o
 .debug_line    0x0000000000000d62      0x4d1 ./Src/led.o
 .debug_line    0x0000000000001233      0x6fd ./Src/main.o
 .debug_line    0x0000000000001930      0x5e2 ./Src/modem.o
 .debug_line    0x0000000000001f12      0x584 ./Src/terminal.o
 .debug_line    0x0000000000002496      0x49c ./Src/timer2.o
 .debug_line    0x0000000000002932      0x747 ./Src/usart1.o
 .debug_line    0x0000000000003079      0x581 ./Src/usart1terminal.o
 .debug_line    0x00000000000035fa      0x766 ./Src/usart2.o
 .debug_line    0x0000000000003d60      0x458 ./Src/watchdog.o
 .debug_line    0x00000000000041b8       0x84 ./Startup/startup_stm32f303retx.o

.debug_str      0x0000000000000000    0x87610
 .debug_str     0x0000000000000000    0x86edb ./Src/button.o
                                      0x872b5 (size before relaxing)
 .debug_str     0x0000000000086edb       0x7b ./Src/cyclic_buffer.o
                                       0x2e59 (size before relaxing)
 .debug_str     0x0000000000086f56       0x61 ./Src/eventQ.o
                                       0x77a0 (size before relaxing)
 .debug_str     0x0000000000086fb7      0x13b ./Src/led.o
                                      0x82968 (size before relaxing)
 .debug_str     0x00000000000870f2       0xdb ./Src/main.o
                                      0x86dc2 (size before relaxing)
 .debug_str     0x00000000000871cd       0xca ./Src/modem.o
                                       0x684f (size before relaxing)
 .debug_str     0x0000000000087297       0x3f ./Src/terminal.o
                                       0x67de (size before relaxing)
 .debug_str     0x00000000000872d6       0x98 ./Src/timer2.o
                                      0x82df0 (size before relaxing)
 .debug_str     0x000000000008736e      0x16d ./Src/usart1.o
                                      0x87473 (size before relaxing)
 .debug_str     0x00000000000874db       0x41 ./Src/usart1terminal.o
                                       0x67e4 (size before relaxing)
 .debug_str     0x000000000008751c       0x84 ./Src/usart2.o
                                      0x874b5 (size before relaxing)
 .debug_str     0x00000000000875a0       0x3f ./Src/watchdog.o
                                      0x8280c (size before relaxing)
 .debug_str     0x00000000000875df       0x31 ./Startup/startup_stm32f303retx.o
                                         0x5a (size before relaxing)

.comment        0x0000000000000000       0x53
 .comment       0x0000000000000000       0x53 ./Src/button.o
                                         0x54 (size before relaxing)
 .comment       0x0000000000000053       0x54 ./Src/cyclic_buffer.o
 .comment       0x0000000000000053       0x54 ./Src/eventQ.o
 .comment       0x0000000000000053       0x54 ./Src/led.o
 .comment       0x0000000000000053       0x54 ./Src/main.o
 .comment       0x0000000000000053       0x54 ./Src/modem.o
 .comment       0x0000000000000053       0x54 ./Src/terminal.o
 .comment       0x0000000000000053       0x54 ./Src/timer2.o
 .comment       0x0000000000000053       0x54 ./Src/usart1.o
 .comment       0x0000000000000053       0x54 ./Src/usart1terminal.o
 .comment       0x0000000000000053       0x54 ./Src/usart2.o
 .comment       0x0000000000000053       0x54 ./Src/watchdog.o

.debug_frame    0x0000000000000000      0xb68
 .debug_frame   0x0000000000000000       0x8c ./Src/button.o
 .debug_frame   0x000000000000008c       0xb0 ./Src/cyclic_buffer.o
 .debug_frame   0x000000000000013c       0x88 ./Src/eventQ.o
 .debug_frame   0x00000000000001c4       0xc8 ./Src/led.o
 .debug_frame   0x000000000000028c       0x30 ./Src/main.o
 .debug_frame   0x00000000000002bc      0x124 ./Src/modem.o
 .debug_frame   0x00000000000003e0       0x2c ./Src/terminal.o
 .debug_frame   0x000000000000040c       0x94 ./Src/timer2.o
 .debug_frame   0x00000000000004a0       0xc4 ./Src/usart1.o
 .debug_frame   0x0000000000000564       0x2c ./Src/usart1terminal.o
 .debug_frame   0x0000000000000590      0x100 ./Src/usart2.o
 .debug_frame   0x0000000000000690       0x4c ./Src/watchdog.o
 .debug_frame   0x00000000000006dc       0x2c c:/st/stm32cubeide_1.7.0/stm32cubeide/plugins/com.st.stm32cube.ide.mcu.externaltools.gnu-tools-for-stm32.9-2020-q2-update.win32_2.0.0.202105311346/tools/bin/../lib/gcc/arm-none-eabi/9.3.1/../../../../arm-none-eabi/lib/thumb/v7e-m+fp/hard\libc_nano.a(lib_a-init.o)
 .debug_frame   0x0000000000000708       0x28 c:/st/stm32cubeide_1.7.0/stm32cubeide/plugins/com.st.stm32cube.ide.mcu.externaltools.gnu-tools-for-stm32.9-2020-q2-update.win32_2.0.0.202105311346/tools/bin/../lib/gcc/arm-none-eabi/9.3.1/../../../../arm-none-eabi/lib/thumb/v7e-m+fp/hard\libc_nano.a(lib_a-strcat.o)
 .debug_frame   0x0000000000000730       0x20 c:/st/stm32cubeide_1.7.0/stm32cubeide/plugins/com.st.stm32cube.ide.mcu.externaltools.gnu-tools-for-stm32.9-2020-q2-update.win32_2.0.0.202105311346/tools/bin/../lib/gcc/arm-none-eabi/9.3.1/../../../../arm-none-eabi/lib/thumb/v7e-m+fp/hard\libc_nano.a(lib_a-strcmp.o)
 .debug_frame   0x0000000000000750       0x20 c:/st/stm32cubeide_1.7.0/stm32cubeide/plugins/com.st.stm32cube.ide.mcu.externaltools.gnu-tools-for-stm32.9-2020-q2-update.win32_2.0.0.202105311346/tools/bin/../lib/gcc/arm-none-eabi/9.3.1/../../../../arm-none-eabi/lib/thumb/v7e-m+fp/hard\libc_nano.a(lib_a-strcpy.o)
 .debug_frame   0x0000000000000770       0x30 c:/st/stm32cubeide_1.7.0/stm32cubeide/plugins/com.st.stm32cube.ide.mcu.externaltools.gnu-tools-for-stm32.9-2020-q2-update.win32_2.0.0.202105311346/tools/bin/../lib/gcc/arm-none-eabi/9.3.1/../../../../arm-none-eabi/lib/thumb/v7e-m+fp/hard\libc_nano.a(lib_a-strstr.o)
 .debug_frame   0x00000000000007a0       0x3c c:/st/stm32cubeide_1.7.0/stm32cubeide/plugins/com.st.stm32cube.ide.mcu.externaltools.gnu-tools-for-stm32.9-2020-q2-update.win32_2.0.0.202105311346/tools/bin/../lib/gcc/arm-none-eabi/9.3.1/../../../../arm-none-eabi/lib/thumb/v7e-m+fp/hard\libc_nano.a(lib_a-vsprintf.o)
 .debug_frame   0x00000000000007dc       0x90 c:/st/stm32cubeide_1.7.0/stm32cubeide/plugins/com.st.stm32cube.ide.mcu.externaltools.gnu-tools-for-stm32.9-2020-q2-update.win32_2.0.0.202105311346/tools/bin/../lib/gcc/arm-none-eabi/9.3.1/../../../../arm-none-eabi/lib/thumb/v7e-m+fp/hard\libc_nano.a(lib_a-nano-svfprintf.o)
 .debug_frame   0x000000000000086c       0x60 c:/st/stm32cubeide_1.7.0/stm32cubeide/plugins/com.st.stm32cube.ide.mcu.externaltools.gnu-tools-for-stm32.9-2020-q2-update.win32_2.0.0.202105311346/tools/bin/../lib/gcc/arm-none-eabi/9.3.1/../../../../arm-none-eabi/lib/thumb/v7e-m+fp/hard\libc_nano.a(lib_a-nano-vfprintf_i.o)
 .debug_frame   0x00000000000008cc       0x28 c:/st/stm32cubeide_1.7.0/stm32cubeide/plugins/com.st.stm32cube.ide.mcu.externaltools.gnu-tools-for-stm32.9-2020-q2-update.win32_2.0.0.202105311346/tools/bin/../lib/gcc/arm-none-eabi/9.3.1/../../../../arm-none-eabi/lib/thumb/v7e-m+fp/hard\libc_nano.a(lib_a-memcpy-stub.o)
 .debug_frame   0x00000000000008f4       0x28 c:/st/stm32cubeide_1.7.0/stm32cubeide/plugins/com.st.stm32cube.ide.mcu.externaltools.gnu-tools-for-stm32.9-2020-q2-update.win32_2.0.0.202105311346/tools/bin/../lib/gcc/arm-none-eabi/9.3.1/../../../../arm-none-eabi/lib/thumb/v7e-m+fp/hard\libc_nano.a(lib_a-memmove.o)
 .debug_frame   0x000000000000091c       0x38 c:/st/stm32cubeide_1.7.0/stm32cubeide/plugins/com.st.stm32cube.ide.mcu.externaltools.gnu-tools-for-stm32.9-2020-q2-update.win32_2.0.0.202105311346/tools/bin/../lib/gcc/arm-none-eabi/9.3.1/../../../../arm-none-eabi/lib/thumb/v7e-m+fp/hard\libc_nano.a(lib_a-nano-freer.o)
 .debug_frame   0x0000000000000954       0x30 c:/st/stm32cubeide_1.7.0/stm32cubeide/plugins/com.st.stm32cube.ide.mcu.externaltools.gnu-tools-for-stm32.9-2020-q2-update.win32_2.0.0.202105311346/tools/bin/../lib/gcc/arm-none-eabi/9.3.1/../../../../arm-none-eabi/lib/thumb/v7e-m+fp/hard\libc_nano.a(lib_a-nano-mallocr.o)
 .debug_frame   0x0000000000000984       0x3c c:/st/stm32cubeide_1.7.0/stm32cubeide/plugins/com.st.stm32cube.ide.mcu.externaltools.gnu-tools-for-stm32.9-2020-q2-update.win32_2.0.0.202105311346/tools/bin/../lib/gcc/arm-none-eabi/9.3.1/../../../../arm-none-eabi/lib/thumb/v7e-m+fp/hard\libc_nano.a(lib_a-nano-reallocr.o)
 .debug_frame   0x00000000000009c0       0x2c c:/st/stm32cubeide_1.7.0/stm32cubeide/plugins/com.st.stm32cube.ide.mcu.externaltools.gnu-tools-for-stm32.9-2020-q2-update.win32_2.0.0.202105311346/tools/bin/../lib/gcc/arm-none-eabi/9.3.1/../../../../arm-none-eabi/lib/thumb/v7e-m+fp/hard\libc_nano.a(lib_a-sbrkr.o)
 .debug_frame   0x00000000000009ec       0x30 c:/st/stm32cubeide_1.7.0/stm32cubeide/plugins/com.st.stm32cube.ide.mcu.externaltools.gnu-tools-for-stm32.9-2020-q2-update.win32_2.0.0.202105311346/tools/bin/../lib/gcc/arm-none-eabi/9.3.1/../../../../arm-none-eabi/lib/thumb/v7e-m+fp/hard\libc_nano.a(lib_a-mlock.o)
 .debug_frame   0x0000000000000a1c       0x20 c:/st/stm32cubeide_1.7.0/stm32cubeide/plugins/com.st.stm32cube.ide.mcu.externaltools.gnu-tools-for-stm32.9-2020-q2-update.win32_2.0.0.202105311346/tools/bin/../lib/gcc/arm-none-eabi/9.3.1/../../../../arm-none-eabi/lib/thumb/v7e-m+fp/hard\libc_nano.a(lib_a-nano-msizer.o)
 .debug_frame   0x0000000000000a3c       0x5c c:/st/stm32cubeide_1.7.0/stm32cubeide/plugins/com.st.stm32cube.ide.mcu.externaltools.gnu-tools-for-stm32.9-2020-q2-update.win32_2.0.0.202105311346/tools/bin/../lib/gcc/arm-none-eabi/9.3.1/../../../../arm-none-eabi/lib/thumb/v7e-m+fp/hard\libc_nano.a(lib_a-reent.o)
 .debug_frame   0x0000000000000a98       0xb0 c:/st/stm32cubeide_1.7.0/stm32cubeide/plugins/com.st.stm32cube.ide.mcu.externaltools.gnu-tools-for-stm32.9-2020-q2-update.win32_2.0.0.202105311346/tools/bin/../lib/gcc/arm-none-eabi/9.3.1/../../../../arm-none-eabi/lib/thumb/v7e-m+fp/hard\libc_nano.a(lib_a-lock.o)
 .debug_frame   0x0000000000000b48       0x20 c:/st/stm32cubeide_1.7.0/stm32cubeide/plugins/com.st.stm32cube.ide.mcu.externaltools.gnu-tools-for-stm32.9-2020-q2-update.win32_2.0.0.202105311346/tools/bin/../lib/gcc/arm-none-eabi/9.3.1/../../../../arm-none-eabi/lib/thumb/v7e-m+fp/hard\libnosys.a(sbrk.o)
