Archive member included to satisfy reference by file (symbol)

c:/st/stm32cubeide_1.7.0/stm32cubeide/plugins/com.st.stm32cube.ide.mcu.externaltools.gnu-tools-for-stm32.9-2020-q2-update.win32_2.0.0.202105311346/tools/bin/../lib/gcc/arm-none-eabi/9.3.1/../../../../arm-none-eabi/lib/thumb/v7e-m+fp/hard\libc_nano.a(lib_a-exit.o)
                              c:/st/stm32cubeide_1.7.0/stm32cubeide/plugins/com.st.stm32cube.ide.mcu.externaltools.gnu-tools-for-stm32.9-2020-q2-update.win32_2.0.0.202105311346/tools/bin/../lib/gcc/arm-none-eabi/9.3.1/../../../../arm-none-eabi/lib/thumb/v7e-m+fp/hard/crt0.o (exit)
c:/st/stm32cubeide_1.7.0/stm32cubeide/plugins/com.st.stm32cube.ide.mcu.externaltools.gnu-tools-for-stm32.9-2020-q2-update.win32_2.0.0.202105311346/tools/bin/../lib/gcc/arm-none-eabi/9.3.1/../../../../arm-none-eabi/lib/thumb/v7e-m+fp/hard\libc_nano.a(lib_a-impure.o)
                              c:/st/stm32cubeide_1.7.0/stm32cubeide/plugins/com.st.stm32cube.ide.mcu.externaltools.gnu-tools-for-stm32.9-2020-q2-update.win32_2.0.0.202105311346/tools/bin/../lib/gcc/arm-none-eabi/9.3.1/../../../../arm-none-eabi/lib/thumb/v7e-m+fp/hard\libc_nano.a(lib_a-exit.o) (_global_impure_ptr)
c:/st/stm32cubeide_1.7.0/stm32cubeide/plugins/com.st.stm32cube.ide.mcu.externaltools.gnu-tools-for-stm32.9-2020-q2-update.win32_2.0.0.202105311346/tools/bin/../lib/gcc/arm-none-eabi/9.3.1/../../../../arm-none-eabi/lib/thumb/v7e-m+fp/hard\libc_nano.a(lib_a-init.o)
                              c:/st/stm32cubeide_1.7.0/stm32cubeide/plugins/com.st.stm32cube.ide.mcu.externaltools.gnu-tools-for-stm32.9-2020-q2-update.win32_2.0.0.202105311346/tools/bin/../lib/gcc/arm-none-eabi/9.3.1/../../../../arm-none-eabi/lib/thumb/v7e-m+fp/hard/crt0.o (__libc_init_array)
c:/st/stm32cubeide_1.7.0/stm32cubeide/plugins/com.st.stm32cube.ide.mcu.externaltools.gnu-tools-for-stm32.9-2020-q2-update.win32_2.0.0.202105311346/tools/bin/../lib/gcc/arm-none-eabi/9.3.1/../../../../arm-none-eabi/lib/thumb/v7e-m+fp/hard\libc_nano.a(lib_a-memset.o)
                              c:/st/stm32cubeide_1.7.0/stm32cubeide/plugins/com.st.stm32cube.ide.mcu.externaltools.gnu-tools-for-stm32.9-2020-q2-update.win32_2.0.0.202105311346/tools/bin/../lib/gcc/arm-none-eabi/9.3.1/../../../../arm-none-eabi/lib/thumb/v7e-m+fp/hard/crt0.o (memset)
c:/st/stm32cubeide_1.7.0/stm32cubeide/plugins/com.st.stm32cube.ide.mcu.externaltools.gnu-tools-for-stm32.9-2020-q2-update.win32_2.0.0.202105311346/tools/bin/../lib/gcc/arm-none-eabi/9.3.1/../../../../arm-none-eabi/lib/thumb/v7e-m+fp/hard\libc_nano.a(lib_a-strcat.o)
                              ./Src/modem.o (strcat)
c:/st/stm32cubeide_1.7.0/stm32cubeide/plugins/com.st.stm32cube.ide.mcu.externaltools.gnu-tools-for-stm32.9-2020-q2-update.win32_2.0.0.202105311346/tools/bin/../lib/gcc/arm-none-eabi/9.3.1/../../../../arm-none-eabi/lib/thumb/v7e-m+fp/hard\libc_nano.a(lib_a-strcmp.o)
                              ./Src/terminal.o (strcmp)
c:/st/stm32cubeide_1.7.0/stm32cubeide/plugins/com.st.stm32cube.ide.mcu.externaltools.gnu-tools-for-stm32.9-2020-q2-update.win32_2.0.0.202105311346/tools/bin/../lib/gcc/arm-none-eabi/9.3.1/../../../../arm-none-eabi/lib/thumb/v7e-m+fp/hard\libc_nano.a(lib_a-strcpy.o)
                              ./Src/terminal.o (strcpy)
c:/st/stm32cubeide_1.7.0/stm32cubeide/plugins/com.st.stm32cube.ide.mcu.externaltools.gnu-tools-for-stm32.9-2020-q2-update.win32_2.0.0.202105311346/tools/bin/../lib/gcc/arm-none-eabi/9.3.1/../../../../arm-none-eabi/lib/thumb/v7e-m+fp/hard\libc_nano.a(lib_a-strlen.o)
                              ./Src/modem.o (strlen)
c:/st/stm32cubeide_1.7.0/stm32cubeide/plugins/com.st.stm32cube.ide.mcu.externaltools.gnu-tools-for-stm32.9-2020-q2-update.win32_2.0.0.202105311346/tools/bin/../lib/gcc/arm-none-eabi/9.3.1/../../../../arm-none-eabi/lib/thumb/v7e-m+fp/hard\libc_nano.a(lib_a-strstr.o)
                              ./Src/usart1terminal.o (strstr)
c:/st/stm32cubeide_1.7.0/stm32cubeide/plugins/com.st.stm32cube.ide.mcu.externaltools.gnu-tools-for-stm32.9-2020-q2-update.win32_2.0.0.202105311346/tools/bin/../lib/gcc/arm-none-eabi/9.3.1/../../../../arm-none-eabi/lib/thumb/v7e-m+fp/hard\libc_nano.a(lib_a-vsprintf.o)
                              ./Src/usart2.o (vsprintf)
c:/st/stm32cubeide_1.7.0/stm32cubeide/plugins/com.st.stm32cube.ide.mcu.externaltools.gnu-tools-for-stm32.9-2020-q2-update.win32_2.0.0.202105311346/tools/bin/../lib/gcc/arm-none-eabi/9.3.1/../../../../arm-none-eabi/lib/thumb/v7e-m+fp/hard\libc_nano.a(lib_a-nano-svfprintf.o)
                              c:/st/stm32cubeide_1.7.0/stm32cubeide/plugins/com.st.stm32cube.ide.mcu.externaltools.gnu-tools-for-stm32.9-2020-q2-update.win32_2.0.0.202105311346/tools/bin/../lib/gcc/arm-none-eabi/9.3.1/../../../../arm-none-eabi/lib/thumb/v7e-m+fp/hard\libc_nano.a(lib_a-vsprintf.o) (_svfprintf_r)
[...]
Memory Configuration

Name             Origin             Length             Attributes
RAM              0x0000000020000000 0x0000000000010000 xrw
FLASH            0x0000000008000000 0x0000000000080000 xr
*default*        0x0000000000000000 0xffffffffffffffff

Linker script and memory map

LOAD c:/st/stm32cubeide_1.7.0/stm32cubeide/plugins/com.st.stm32cube.ide.mcu.externaltools.gnu-tools-for-stm32.9-2020-q2-update.win32_2.0.0.202105311346/tools/bin/../lib/gcc/arm-none-eabi/9.3.1/thumb/v7e-m+fp/hard/crti.o
LOAD c:/st/stm32cubeide_1.7.0/stm32cubeide/plugins/com.st.stm32cube.ide.mcu.externaltools.gnu-tools-for-stm32.9-2020-q2-update.win32_2.0.0.202105311346/tools/bin/../lib/gcc/arm-none-eabi/9.3.1/thumb/v7e-m+fp/hard/crtbegin.o
LOAD c:/st/stm32cubeide_1.7.0/stm32cubeide/plugins/com.st.stm32cube.ide.mcu.externaltools.gnu-tools-for-stm32.9-2020-q2-update.win32_2.0.0.202105311346/tools/bin/../lib/gcc/arm-none-eabi/9.3.1/../../../../arm-none-eabi/lib/thumb/v7e-m+fp/hard/crt0.o
LOAD ./Src/button.o
LOAD ./Src/cyclic_buffer.o
LOAD ./Src/eventQ.o
LOAD ./Src/led.o
LOAD ./Src/main.o
LOAD ./Src/modem.o
LOAD ./Src/terminal.o
LOAD ./Src/timer2.o
LOAD ./Src/usart1.o
LOAD ./Src/usart1terminal.o
LOAD ./Src/usart2.o
LOAD ./Src/watchdog.o
LOAD ./Startup/startup_stm32f303retx.o
START GROUP
LOAD c:/st/stm32cubeide_1.7.0/stm32cubeide/plugins/com.st.stm32cube.ide.mcu.externaltools.gnu-tools-for-stm32.9-2020-q2-update.win32_2.0.0.202105311346/tools/bin/../lib/gcc/arm-none-eabi/9.3.1/../../../../arm-none-eabi/lib/thumb/v7e-m+fp/hard\libc_nano.a
LOAD c:/st/stm32cubeide_1.7.0/stm32cubeide/plugins/com.st.stm32cube.ide.mcu.externaltools.gnu-tools-for-stm32.9-2020-q2-update.win32_2.0.0.202105311346/tools/bin/../lib/gcc/arm-none-eabi/9.3.1/../../../../arm-none-eabi/lib/thumb/v7e-m+fp/hard\libm.a
END GROUP
START GROUP
LOAD c:/st/stm32cubeide_1.7.0/stm32cubeide/plugins/com.st.stm32cube.ide.mcu.externaltools.gnu-tools-for-stm32.9-2020-q2-update.win32_2.0.0.202105311346/tools/bin/../lib/gcc/arm-none-eabi/9.3.1/thumb/v7e-m+fp/hard\libgcc.a
LOAD c:/st/stm32cubeide_1.7.0/stm32cubeide/plugins/com.st.stm32cube.ide.mcu.externaltools.gnu-tools-for-stm32.9-2020-q2-update.win32_2.0.0.202105311346/tools/bin/../lib/gcc/arm-none-eabi/9.3.1/../../../../arm-none-eabi/lib/thumb/v7e-m+fp/hard\libc_nano.a
END GROUP
START GROUP
LOAD c:/st/stm32cubeide_1.7.0/stm32cubeide/plugins/com.st.stm32cube.ide.mcu.externaltools.gnu-tools-for-stm32.9-2020-q2-update.win32_2.0.0.202105311346/tools/bin/../lib/gcc/arm-none-eabi/9.3.1/thumb/v7e-m+fp/hard\libgcc.a
LOAD c:/st/stm32cubeide_1.7.0/stm32cubeide/plugins/com.st.stm32cube.ide.mcu.externaltools.gnu-tools-for-stm32.9-2020-q2-update.win32_2.0.0.202105311346/tools/bin/../lib/gcc/arm-none-eabi/9.3.1/../../../../arm-none-eabi/lib/thumb/v7e-m+fp/hard\libc_nano.a
LOAD c:/st/stm32cubeide_1.7.0/stm32cubeide/plugins/com.st.stm32cube.ide.mcu.externaltools.gnu-tools-for-stm32.9-2020-q2-update.win32_2.0.0.202105311346/tools/bin/../lib/gcc/arm-none-eabi/9.3.1/../../../../arm-none-eabi/lib/thumb/v7e-m+fp/hard\libnosys.a
END GROUP
START GROUP
LOAD c:/st/stm32cubeide_1.7.0/stm32cubeide/plugins/com.st.stm32cube.ide.mcu.externaltools.gnu-tools-for-stm32.9-2020-q2-update.win32_2.0.0.202105311346/tools/bin/../lib/gcc/arm-none-eabi/9.3.1/thumb/v7e-m+fp/hard\libgcc.a
LOAD c:/st/stm32cubeide_1.7.0/stm32cubeide/plugins/com.st.stm32cube.ide.mcu.externaltools.gnu-tools-for-stm32.9-2020-q2-update.win32_2.0.0.202105311346/tools/bin/../lib/gcc/arm-none-eabi/9.3.1/../../../../arm-none-eabi/lib/thumb/v7e-m+fp/hard\libc_nano.a
LOAD c:/st/stm32cubeide_1.7.0/stm32cubeide/plugins/com.st.stm32cube.ide.mcu.externaltools.gnu-tools-for-stm32.9-2020-q2-update.win32_2.0.0.202105311346/tools/bin/../lib/gcc/arm-none-eabi/9.3.1/../../../../arm-none-eabi/lib/thumb/v7e-m+fp/hard\libnosys.a
END GROUP
LOAD c:/st/stm32cubeide_1.7.0/stm32cubeide/plugins/com.st.stm32cube.ide.mcu.externaltools.gnu-tools-for-stm32.9-2020-q2-update.win32_2.0.0.202105311346/tools/bin/../lib/gcc/arm-none-eabi/9.3.1/thumb/v7e-m+fp/hard/crtend.o
LOAD c:/st/stm32cubeide_1.7.0/stm32cubeide/plugins/com.st.stm32cube.ide.mcu.externaltools.gnu-tools-for-stm32.9-2020-q2-update.win32_2.0.0.202105311346/tools/bin/../lib/gcc/arm-none-eabi/9.3.1/thumb/v7e-m+fp/hard/crtn.o
                0x0000000020010000                _estack = (ORIGIN (RAM) + LENGTH (RAM))
                0x0000000000000200                _Min_Heap_Size = 0x200
                0x0000000000000400                _Min_Stack_Size = 0x400

.isr_vector     0x0000000008000000      0x194
                0x0000000008000000                . = ALIGN (0x4)
 *(.isr_vector)
 .isr_vector    0x0000000008000000      0x194 ./Startup/startup_stm32f303retx.o
                0x0000000008000000                g_pfnVectors
                0x0000000008000194                . = ALIGN (0x4)

.text           0x00000000080001a0     0x1784
                0x00000000080001a0                . = ALIGN (0x4)
 *(.text)
 .text          0x00000000080001a0       0x40 c:/st/stm32cubeide_1.7.0/stm32cubeide/plugins/com.st.stm32cube.ide.mcu.externaltools.gnu-tools-for-stm32.9-2020-q2-update.win32_2.0.0.202105311346/tools/bin/../lib/gcc/arm-none-eabi/9.3.1/thumb/v7e-m+fp/hard/crtbegin.o
 .text          0x00000000080001e0       0x14 c:/st/stm32cubeide_1.7.0/stm32cubeide/plugins/com.st.stm32cube.ide.mcu.externaltools.gnu-tools-for-stm32.9-2020-q2-update.win32_2.0.0.202105311346/tools/bin/../lib/gcc/arm-none-eabi/9.3.1/../../../../arm-none-eabi/lib/thumb/v7e-m+fp/hard\libc_nano.a(lib_a-strcmp.o)
                0x00000000080001e0                strcmp
 .text          0x00000000080001f4       0x10 c:/st/stm32cubeide_1.7.0/stm32cubeide/plugins/com.st.stm32cube.ide.mcu.externaltools.gnu-tools-for-stm32.9-2020-q2-update.win32_2.0.0.202105311346/tools/bin/../lib/gcc/arm-none-eabi/9.3.1/../../../../arm-none-eabi/lib/thumb/v7e-m+fp/hard\libc_nano.a(lib_a-strlen.o)
                0x00000000080001f4                strlen
 *fill*         0x0000000008000204        0xc 
 .text          0x0000000008000210       0xa0 c:/st/stm32cubeide_1.7.0/stm32cubeide/plugins/com.st.stm32cube.ide.mcu.externaltools.gnu-tools-for-stm32.9-2020-q2-update.win32_2.0.0.202105311346/tools/bin/../lib/gcc/arm-none-eabi/9.3.1/../../../../arm-none-eabi/lib/thumb/v7e-m+fp/hard\libc_nano.a(lib_a-memchr.o)
                0x0000000008000210                memchr
 *(.text*)
 .text.__NVIC_EnableIRQ
                0x00000000080002b0       0x3c ./Src/button.o
 .text.BUTTON_init
                0x00000000080002ec       0x58 ./Src/button.o
                0x00000000080002ec                BUTTON_init
 .text.EXTI15_10_IRQHandler
                0x0000000008000344       0x20 ./Src/button.o
                0x0000000008000344                EXTI15_10_IRQHandler
 .text.BUTTON_sendCommand
                0x0000000008000364       0x24 ./Src/button.o
                0x0000000008000364                BUTTON_sendCommand
 .text.buffer_init
                0x0000000008000388       0x24 ./Src/cyclic_buffer.o
                0x0000000008000388                buffer_init
 .text.buffer_write
                0x00000000080003ac       0x46 ./Src/cyclic_buffer.o
                0x00000000080003ac                buffer_write
 .text.buffer_read
                0x00000000080003f2       0x44 ./Src/cyclic_buffer.o
                0x00000000080003f2                buffer_read
 .text.buffer_isEmpty
                0x0000000008000436       0x2a ./Src/cyclic_buffer.o
                0x0000000008000436                buffer_isEmpty
 .text.eventQ_init
                0x0000000008000460       0x14 ./Src/eventQ.o
                0x0000000008000460                eventQ_init
 .text.eventQ_write
                0x0000000008000474       0x20 ./Src/eventQ.o
                0x0000000008000474                eventQ_write
 .text.eventQ_read
                0x0000000008000494       0x14 ./Src/eventQ.o
                0x0000000008000494                eventQ_read
 .text.eventQ_isEmpty
                0x00000000080004a8       0x14 ./Src/eventQ.o
                0x00000000080004a8                eventQ_isEmpty
 .text.LED_init
                0x00000000080004bc       0x30 ./Src/led.o
                0x00000000080004bc                LED_init
 .text.LED_off  0x00000000080004ec       0x1e ./Src/led.o
                0x00000000080004ec                LED_off
 .text.LED_on   0x000000000800050a       0x1e ./Src/led.o
                0x000000000800050a                LED_on
 .text.LED_toggle
                0x0000000008000528       0x1e ./Src/led.o
                0x0000000008000528                LED_toggle
 *fill*         0x0000000008000546        0x2 
 .text.LED_blink_handle
                0x0000000008000548       0x38 ./Src/led.o
                0x0000000008000548                LED_blink_handle
 .text.LED_change_state
                0x0000000008000580       0x78 ./Src/led.o
                0x0000000008000580                LED_change_state
 .text.main     0x00000000080005f8       0xa4 ./Src/main.o
                0x00000000080005f8                main
 .text.getWifiConnecting
                0x000000000800069c       0x18 ./Src/modem.o
                0x000000000800069c                getWifiConnecting
 .text.setWifiConnecting
                0x00000000080006b4       0x20 ./Src/modem.o
                0x00000000080006b4                setWifiConnecting
 .text.getServerConnecting
                0x00000000080006d4       0x18 ./Src/modem.o
                0x00000000080006d4                getServerConnecting
 .text.setServerConnecting
                0x00000000080006ec       0x20 ./Src/modem.o
                0x00000000080006ec                setServerConnecting
 .text.getServerState
                0x000000000800070c       0x18 ./Src/modem.o
                0x000000000800070c                getServerState
 .text.setServerState
                0x0000000008000724       0x20 ./Src/modem.o
                0x0000000008000724                setServerState
 .text.MODEM_init
                0x0000000008000744       0x28 ./Src/modem.o
                0x0000000008000744                MODEM_init
 .text.delay    0x000000000800076c       0x2e ./Src/modem.o
                0x000000000800076c                delay
 *fill*         0x000000000800079a        0x2 
 .text.wifiConnect
                0x000000000800079c       0xe8 ./Src/modem.o
                0x000000000800079c                wifiConnect
 .text.connectToServer
                0x0000000008000884       0xb4 ./Src/modem.o
                0x0000000008000884                connectToServer
 .text.setWaitForIP
                0x0000000008000938       0x20 ./Src/terminal.o
                0x0000000008000938                setWaitForIP
 .text.TERMINAL_handleCommand
                0x0000000008000958      0x130 ./Src/terminal.o
                0x0000000008000958                TERMINAL_handleCommand
 .text.__NVIC_EnableIRQ
                0x0000000008000a88       0x3c ./Src/timer2.o
 .text.TIMER2_init
                0x0000000008000ac4       0x3c ./Src/timer2.o
                0x0000000008000ac4                TIMER2_init
 .text.TIM2_IRQHandler
                0x0000000008000b00       0x28 ./Src/timer2.o
                0x0000000008000b00                TIM2_IRQHandler
 .text.TIMER2_expired
                0x0000000008000b28       0x28 ./Src/timer2.o
                0x0000000008000b28                TIMER2_expired
 .text.__NVIC_EnableIRQ
                0x0000000008000b50       0x3c ./Src/usart1.o
 .text.USART1_init
                0x0000000008000b8c       0x64 ./Src/usart1.o
                0x0000000008000b8c                USART1_init
 .text.USART1_getCommand
                0x0000000008000bf0       0x40 ./Src/usart1.o
                0x0000000008000bf0                USART1_getCommand
 .text.USART1_EXTI25_IRQHandler
                0x0000000008000c30       0x3c ./Src/usart1.o
                0x0000000008000c30                USART1_EXTI25_IRQHandler
 .text.USART1_print
                0x0000000008000c6c       0x44 ./Src/usart1.o
                0x0000000008000c6c                USART1_print
 .text.USART1TERMINAL_handleCommand
                0x0000000008000cb0      0x104 ./Src/usart1terminal.o
                0x0000000008000cb0                USART1TERMINAL_handleCommand
 .text.__NVIC_EnableIRQ
                0x0000000008000db4       0x3c ./Src/usart2.o
 .text.USART2_init
                0x0000000008000df0       0x68 ./Src/usart2.o
                0x0000000008000df0                USART2_init
 .text.print    0x0000000008000e58       0x30 ./Src/usart2.o
                0x0000000008000e58                print
 .text.USART2_getCommand
                0x0000000008000e88       0x40 ./Src/usart2.o
                0x0000000008000e88                USART2_getCommand
 .text.USART2_EXTI26_IRQHandler
                0x0000000008000ec8       0x3c ./Src/usart2.o
                0x0000000008000ec8                USART2_EXTI26_IRQHandler
 .text.USART2_print
                0x0000000008000f04       0x44 ./Src/usart2.o
                0x0000000008000f04                USART2_print
 .text.WATCHDOG_init
                0x0000000008000f48       0x38 ./Src/watchdog.o
                0x0000000008000f48                WATCHDOG_init
 .text.WATCHDOG_pet
                0x0000000008000f80       0x1c ./Src/watchdog.o
                0x0000000008000f80                WATCHDOG_pet
 .text.Reset_Handler
                0x0000000008000f9c       0x50 ./Startup/startup_stm32f303retx.o
                0x0000000008000f9c                Reset_Handler
 .text.Default_Handler
                0x0000000008000fec        0x2 ./Startup/startup_stm32f303retx.o
                0x0000000008000fec                TIM8_TRG_COM_IRQHandler
                0x0000000008000fec                TIM8_CC_IRQHandler
                0x0000000008000fec                DebugMon_Handler
                0x0000000008000fec                DMA1_CH4_IRQHandler
                0x0000000008000fec                SPI4_IRQHandler
                0x0000000008000fec                TIM1_CC_IRQHandler
                0x0000000008000fec                HardFault_Handler
                0x0000000008000fec                USB_HP_IRQHandler
                0x0000000008000fec                I2C2_EV_EXTI24_IRQHandler
                0x0000000008000fec                SysTick_Handler
                0x0000000008000fec                USB_WKUP_EXTI_IRQHandler
                0x0000000008000fec                PVD_IRQHandler
                0x0000000008000fec                UART4_EXTI34_IRQHandler
                0x0000000008000fec                TAMP_STAMP_IRQHandler
                0x0000000008000fec                PendSV_Handler
                0x0000000008000fec                NMI_Handler
                0x0000000008000fec                EXTI3_IRQHandler
                0x0000000008000fec                I2C3_ER_IRQHandler
                0x0000000008000fec                TIM6_DACUNDER_IRQHandler
                0x0000000008000fec                USB_HP_CAN_TX_IRQHandler
                0x0000000008000fec                EXTI0_IRQHandler
                0x0000000008000fec                DMA2_CH1_IRQHandler
                0x0000000008000fec                FPU_IRQHandler
                0x0000000008000fec                TIM1_UP_TIM16_IRQHandler
                0x0000000008000fec                UsageFault_Handler
                0x0000000008000fec                ADC1_2_IRQHandler
                0x0000000008000fec                SPI1_IRQHandler
                0x0000000008000fec                CAN_SCE_IRQHandler
                0x0000000008000fec                DMA1_CH7_IRQHandler
                0x0000000008000fec                TIM8_UP_IRQHandler
                0x0000000008000fec                COMP456_IRQHandler
                0x0000000008000fec                DMA1_CH6_IRQHandler
                0x0000000008000fec                TIM20_TRG_COM_IRQHandler
                0x0000000008000fec                ADC3_IRQHandler
                0x0000000008000fec                TIM4_IRQHandler
                0x0000000008000fec                CAN_RX1_IRQHandler
                0x0000000008000fec                DMA2_CH5_IRQHandler
                0x0000000008000fec                I2C1_EV_EXTI23_IRQHandler
                0x0000000008000fec                DMA1_CH3_IRQHandler
                0x0000000008000fec                TIM3_IRQHandler
                0x0000000008000fec                RCC_IRQHandler
                0x0000000008000fec                TIM20_UP_IRQHandler
                0x0000000008000fec                Default_Handler
                0x0000000008000fec                USART3_EXTI28_IRQHandler
                0x0000000008000fec                TIM7_IRQHandler
                0x0000000008000fec                I2C3_EV_IRQHandler
                0x0000000008000fec                EXTI9_5_IRQHandler
                0x0000000008000fec                DMA1_CH2_IRQHandler
                0x0000000008000fec                RTC_WKUP_IRQHandler
                0x0000000008000fec                SPI2_IRQHandler
                0x0000000008000fec                DMA1_CH1_IRQHandler
                0x0000000008000fec                USB_LP_CAN_RX0_IRQHandler
                0x0000000008000fec                MemManage_Handler
                0x0000000008000fec                COMP123_IRQHandler
                0x0000000008000fec                SVC_Handler
                0x0000000008000fec                USB_LP_IRQHandler
                0x0000000008000fec                EXTI4_IRQHandler
                0x0000000008000fec                TIM1_TRG_COM_TIM17_IRQHandler
                0x0000000008000fec                ADC4_IRQHandler
                0x0000000008000fec                WWDG_IRQHandler
                0x0000000008000fec                COMP7_IRQHandler
                0x0000000008000fec                EXTI1_IRQHandler
                0x0000000008000fec                RTCAlarm_IRQHandler
                0x0000000008000fec                UART5_EXTI35_IRQHandler
                0x0000000008000fec                TIM20_BRK_IRQHandler
                0x0000000008000fec                I2C2_ER_IRQHandler
                0x0000000008000fec                TIM8_BRK_IRQHandler
                0x0000000008000fec                FLASH_IRQHandler
                0x0000000008000fec                TIM20_CC_IRQHandler
                0x0000000008000fec                BusFault_Handler
                0x0000000008000fec                SPI3_IRQHandler
                0x0000000008000fec                DMA2_CH3_IRQHandler
                0x0000000008000fec                DMA2_CH2_IRQHandler
                0x0000000008000fec                I2C1_ER_IRQHandler
                0x0000000008000fec                FMC_IRQHandler
                0x0000000008000fec                DMA1_CH5_IRQHandler
                0x0000000008000fec                DMA2_CH4_IRQHandler
                0x0000000008000fec                USB_WKUP_IRQHandler
                0x0000000008000fec                EXTI2_TSC_IRQHandler
                0x0000000008000fec                TIM1_BRK_TIM15_IRQHandler
 *fill*         0x0000000008000fee        0x2 
 .text.__libc_init_array
                0x0000000008000ff0       0x48 c:/st/stm32cubeide_1.7.0/stm32cubeide/plugins/com.st.stm32cube.ide.mcu.externaltools.gnu-tools-for-stm32.9-2020-q2-update.win32_2.0.0.202105311346/tools/bin/../lib/gcc/arm-none-eabi/9.3.1/../../../../arm-none-eabi/lib/thumb/v7e-m+fp/hard\libc_nano.a(lib_a-init.o)
                0x0000000008000ff0                __libc_init_array
 .text.strcat   0x0000000008001038       0x1e c:/st/stm32cubeide_1.7.0/stm32cubeide/plugins/com.st.stm32cube.ide.mcu.externaltools.gnu-tools-for-stm32.9-2020-q2-update.win32_2.0.0.202105311346/tools/bin/../lib/gcc/arm-none-eabi/9.3.1/../../../../arm-none-eabi/lib/thumb/v7e-m+fp/hard\libc_nano.a(lib_a-strcat.o)
                0x0000000008001038                strcat
 .text.strcpy   0x0000000008001056       0x10 c:/st/stm32cubeide_1.7.0/stm32cubeide/plugins/com.st.stm32cube.ide.mcu.externaltools.gnu-tools-for-stm32.9-2020-q2-update.win32_2.0.0.202105311346/tools/bin/../lib/gcc/arm-none-eabi/9.3.1/../../../../arm-none-eabi/lib/thumb/v7e-m+fp/hard\libc_nano.a(lib_a-strcpy.o)
                0x0000000008001056                strcpy
 .text.strstr   0x0000000008001066       0x2e c:/st/stm32cubeide_1.7.0/stm32cubeide/plugins/com.st.stm32cube.ide.mcu.externaltools.gnu-tools-for-stm32.9-2020-q2-update.win32_2.0.0.202105311346/tools/bin/../lib/gcc/arm-none-eabi/9.3.1/../../../../arm-none-eabi/lib/thumb/v7e-m+fp/hard\libc_nano.a(lib_a-strstr.o)
                0x0000000008001066                strstr
 .text._vsprintf_r
                0x0000000008001094       0x2c c:/st/stm32cubeide_1.7.0/stm32cubeide/plugins/com.st.stm32cube.ide.mcu.externaltools.gnu-tools-for-stm32.9-2020-q2-update.win32_2.0.0.202105311346/tools/bin/../lib/gcc/arm-none-eabi/9.3.1/../../../../arm-none-eabi/lib/thumb/v7e-m+fp/hard\libc_nano.a(lib_a-vsprintf.o)
                0x0000000008001094                _vsprintf_r
                0x0000000008001094                _vsiprintf_r
 .text.vsprintf
                0x00000000080010c0       0x14 c:/st/stm32cubeide_1.7.0/stm32cubeide/plugins/com.st.stm32cube.ide.mcu.externaltools.gnu-tools-for-stm32.9-2020-q2-update.win32_2.0.0.202105311346/tools/bin/../lib/gcc/arm-none-eabi/9.3.1/../../../../arm-none-eabi/lib/thumb/v7e-m+fp/hard\libc_nano.a(lib_a-vsprintf.o)
                0x00000000080010c0                vsiprintf
                0x00000000080010c0                vsprintf
 .text.__ssputs_r
                0x00000000080010d4       0xb6 c:/st/stm32cubeide_1.7.0/stm32cubeide/plugins/com.st.stm32cube.ide.mcu.externaltools.gnu-tools-for-stm32.9-2020-q2-update.win32_2.0.0.202105311346/tools/bin/../lib/gcc/arm-none-eabi/9.3.1/../../../../arm-none-eabi/lib/thumb/v7e-m+fp/hard\libc_nano.a(lib_a-nano-svfprintf.o)
                0x00000000080010d4                __ssputs_r
 *fill*         0x000000000800118a        0x2 
 .text._svfprintf_r
                0x000000000800118c      0x200 c:/st/stm32cubeide_1.7.0/stm32cubeide/plugins/com.st.stm32cube.ide.mcu.externaltools.gnu-tools-for-stm32.9-2020-q2-update.win32_2.0.0.202105311346/tools/bin/../lib/gcc/arm-none-eabi/9.3.1/../../../../arm-none-eabi/lib/thumb/v7e-m+fp/hard\libc_nano.a(lib_a-nano-svfprintf.o)
                0x000000000800118c                _svfiprintf_r
                0x000000000800118c                _svfprintf_r
 .text._printf_common
                0x000000000800138c       0xda c:/st/stm32cubeide_1.7.0/stm32cubeide/plugins/com.st.stm32cube.ide.mcu.externaltools.gnu-tools-for-stm32.9-2020-q2-update.win32_2.0.0.202105311346/tools/bin/../lib/gcc/arm-none-eabi/9.3.1/../../../../arm-none-eabi/lib/thumb/v7e-m+fp/hard\libc_nano.a(lib_a-nano-vfprintf_i.o)
                0x000000000800138c                _printf_common
 *fill*         0x0000000008001466        0x2 
 .text._printf_i
                0x0000000008001468      0x24c c:/st/stm32cubeide_1.7.0/stm32cubeide/plugins/com.st.stm32cube.ide.mcu.externaltools.gnu-tools-for-stm32.9-2020-q2-update.win32_2.0.0.202105311346/tools/bin/../lib/gcc/arm-none-eabi/9.3.1/../../../../arm-none-eabi/lib/thumb/v7e-m+fp/hard\libc_nano.a(lib_a-nano-vfprintf_i.o)
                0x0000000008001468                _printf_i
 .text.memcpy   0x00000000080016b4       0x1c c:/st/stm32cubeide_1.7.0/stm32cubeide/plugins/com.st.stm32cube.ide.mcu.externaltools.gnu-tools-for-stm32.9-2020-q2-update.win32_2.0.0.202105311346/tools/bin/../lib/gcc/arm-none-eabi/9.3.1/../../../../arm-none-eabi/lib/thumb/v7e-m+fp/hard\libc_nano.a(lib_a-memcpy-stub.o)
                0x00000000080016b4                memcpy
 .text.memmove  0x00000000080016d0       0x34 c:/st/stm32cubeide_1.7.0/stm32cubeide/plugins/com.st.stm32cube.ide.mcu.externaltools.gnu-tools-for-stm32.9-2020-q2-update.win32_2.0.0.202105311346/tools/bin/../lib/gcc/arm-none-eabi/9.3.1/../../../../arm-none-eabi/lib/thumb/v7e-m+fp/hard\libc_nano.a(lib_a-memmove.o)
                0x00000000080016d0                memmove
 .text._free_r  0x0000000008001704       0xa0 c:/st/stm32cubeide_1.7.0/stm32cubeide/plugins/com.st.stm32cube.ide.mcu.externaltools.gnu-tools-for-stm32.9-2020-q2-update.win32_2.0.0.202105311346/tools/bin/../lib/gcc/arm-none-eabi/9.3.1/../../../../arm-none-eabi/lib/thumb/v7e-m+fp/hard\libc_nano.a(lib_a-nano-freer.o)
                0x0000000008001704                _free_r
 .text._malloc_r
                0x00000000080017a4       0xb4 c:/st/stm32cubeide_1.7.0/stm32cubeide/plugins/com.st.stm32cube.ide.mcu.externaltools.gnu-tools-for-stm32.9-2020-q2-update.win32_2.0.0.202105311346/tools/bin/../lib/gcc/arm-none-eabi/9.3.1/../../../../arm-none-eabi/lib/thumb/v7e-m+fp/hard\libc_nano.a(lib_a-nano-mallocr.o)
                0x00000000080017a4                _malloc_r
 .text._realloc_r
                0x0000000008001858       0x4c c:/st/stm32cubeide_1.7.0/stm32cubeide/plugins/com.st.stm32cube.ide.mcu.externaltools.gnu-tools-for-stm32.9-2020-q2-update.win32_2.0.0.202105311346/tools/bin/../lib/gcc/arm-none-eabi/9.3.1/../../../../arm-none-eabi/lib/thumb/v7e-m+fp/hard\libc_nano.a(lib_a-nano-reallocr.o)
                0x0000000008001858                _realloc_r
 .text._sbrk_r  0x00000000080018a4       0x20 c:/st/stm32cubeide_1.7.0/stm32cubeide/plugins/com.st.stm32cube.ide.mcu.externaltools.gnu-tools-for-stm32.9-2020-q2-update.win32_2.0.0.202105311346/tools/bin/../lib/gcc/arm-none-eabi/9.3.1/../../../../arm-none-eabi/lib/thumb/v7e-m+fp/hard\libc_nano.a(lib_a-sbrkr.o)
                0x00000000080018a4                _sbrk_r
 .text.__malloc_lock
                0x00000000080018c4        0xc c:/st/stm32cubeide_1.7.0/stm32cubeide/plugins/com.st.stm32cube.ide.mcu.externaltools.gnu-tools-for-stm32.9-2020-q2-update.win32_2.0.0.202105311346/tools/bin/../lib/gcc/arm-none-eabi/9.3.1/../../../../arm-none-eabi/lib/thumb/v7e-m+fp/hard\libc_nano.a(lib_a-mlock.o)
                0x00000000080018c4                __malloc_lock
 .text.__malloc_unlock
                0x00000000080018d0        0xc c:/st/stm32cubeide_1.7.0/stm32cubeide/plugins/com.st.stm32cube.ide.mcu.externaltools.gnu-tools-for-stm32.9-2020-q2-update.win32_2.0.0.202105311346/tools/bin/../lib/gcc/arm-none-eabi/9.3.1/../../../../arm-none-eabi/lib/thumb/v7e-m+fp/hard\libc_nano.a(lib_a-mlock.o)
                0x00000000080018d0                __malloc_unlock
 .text._malloc_usable_size_r
                0x00000000080018dc       0x10 c:/st/stm32cubeide_1.7.0/stm32cubeide/plugins/com.st.stm32cube.ide.mcu.externaltools.gnu-tools-for-stm32.9-2020-q2-update.win32_2.0.0.202105311346/tools/bin/../lib/gcc/arm-none-eabi/9.3.1/../../../../arm-none-eabi/lib/thumb/v7e-m+fp/hard\libc_nano.a(lib_a-nano-msizer.o)
                0x00000000080018dc                _malloc_usable_size_r
 .text.__retarget_lock_acquire_recursive
                0x00000000080018ec        0x2 c:/st/stm32cubeide_1.7.0/stm32cubeide/plugins/com.st.stm32cube.ide.mcu.externaltools.gnu-tools-for-stm32.9-2020-q2-update.win32_2.0.0.202105311346/tools/bin/../lib/gcc/arm-none-eabi/9.3.1/../../../../arm-none-eabi/lib/thumb/v7e-m+fp/hard\libc_nano.a(lib_a-lock.o)
                0x00000000080018ec                __retarget_lock_acquire_recursive
 .text.__retarget_lock_release_recursive
                0x00000000080018ee        0x2 c:/st/stm32cubeide_1.7.0/stm32cubeide/plugins/com.st.stm32cube.ide.mcu.externaltools.gnu-tools-for-stm32.9-2020-q2-update.win32_2.0.0.202105311346/tools/bin/../lib/gcc/arm-none-eabi/9.3.1/../../../../arm-none-eabi/lib/thumb/v7e-m+fp/hard\libc_nano.a(lib_a-lock.o)
                0x00000000080018ee                __retarget_lock_release_recursive
 .text._sbrk    0x00000000080018f0       0x1c c:/st/stm32cubeide_1.7.0/stm32cubeide/plugins/com.st.stm32cube.ide.mcu.externaltools.gnu-tools-for-stm32.9-2020-q2-update.win32_2.0.0.202105311346/tools/bin/../lib/gcc/arm-none-eabi/9.3.1/../../../../arm-none-eabi/lib/thumb/v7e-m+fp/hard\libnosys.a(sbrk.o)
                0x00000000080018f0                _sbrk
 *(.glue_7)
 .glue_7        0x000000000800190c        0x0 linker stubs
 *(.glue_7t)
 .glue_7t       0x000000000800190c        0x0 linker stubs
 *(.eh_frame)
 .eh_frame      0x000000000800190c        0x0 c:/st/stm32cubeide_1.7.0/stm32cubeide/plugins/com.st.stm32cube.ide.mcu.externaltools.gnu-tools-for-stm32.9-2020-q2-update.win32_2.0.0.202105311346/tools/bin/../lib/gcc/arm-none-eabi/9.3.1/thumb/v7e-m+fp/hard/crtbegin.o
 *(.init)
 .init          0x000000000800190c        0x4 c:/st/stm32cubeide_1.7.0/stm32cubeide/plugins/com.st.stm32cube.ide.mcu.externaltools.gnu-tools-for-stm32.9-2020-q2-update.win32_2.0.0.202105311346/tools/bin/../lib/gcc/arm-none-eabi/9.3.1/thumb/v7e-m+fp/hard/crti.o
                0x000000000800190c                _init
 .init          0x0000000008001910        0x8 c:/st/stm32cubeide_1.7.0/stm32cubeide/plugins/com.st.stm32cube.ide.mcu.externaltools.gnu-tools-for-stm32.9-2020-q2-update.win32_2.0.0.202105311346/tools/bin/../lib/gcc/arm-none-eabi/9.3.1/thumb/v7e-m+fp/hard/crtn.o
 *(.fini)
 .fini          0x0000000008001918        0x4 c:/st/stm32cubeide_1.7.0/stm32cubeide/plugins/com.st.stm32cube.ide.mcu.externaltools.gnu-tools-for-stm32.9-2020-q2-update.win32_2.0.0.202105311346/tools/bin/../lib/gcc/arm-none-eabi/9.3.1/thumb/v7e-m+fp/hard/crti.o
                0x0000000008001918                _fini
 .fini          0x000000000800191c        0x8 c:/st/stm32cubeide_1.7.0/stm32cubeide/plugins/com.st.stm32cube.ide.mcu.externaltools.gnu-tools-for-stm32.9-2020-q2-update.win32_2.0.0.202105311346/tools/bin/../lib/gcc/arm-none-eabi/9.3.1/thumb/v7e-m+fp/hard/crtn.o
                0x0000000008001924                . = ALIGN (0x4)
                0x0000000008001924                _etext = .

.vfp11_veneer   0x0000000008001924        0x0
 .vfp11_veneer  0x0000000008001924        0x0 linker stubs

.v4_bx          0x0000000008001924        0x0
 .v4_bx         0x0000000008001924        0x0 linker stubs

.iplt           0x0000000008001924        0x0
 .iplt          0x0000000008001924        0x0 c:/st/stm32cubeide_1.7.0/stm32cubeide/plugins/com.st.stm32cube.ide.mcu.externaltools.gnu-tools-for-stm32.9-2020-q2-update.win32_2.0.0.202105311346/tools/bin/../lib/gcc/arm-none-eabi/9.3.1/thumb/v7e-m+fp/hard/crtbegin.o

.rodata         0x0000000008001924      0x3b4
                0x0000000008001924                . = ALIGN (0x4)
 *(.rodata)
 .rodata        0x0000000008001924       0x1d ./Src/button.o
 *fill*         0x0000000008001941        0x3 
 .rodata        0x0000000008001944       0x4b ./Src/led.o
 *fill*         0x000000000800198f        0x1 
 .rodata        0x0000000008001990       0x92 ./Src/main.o
 *fill*         0x0000000008001a22        0x2 
 .rodata        0x0000000008001a24       0x8f ./Src/modem.o
 *fill*         0x0000000008001ab3        0x1 
 .rodata        0x0000000008001ab4       0xbb ./Src/terminal.o
 *fill*         0x0000000008001b6f        0x1 
 .rodata        0x0000000008001b70      0x134 ./Src/usart1terminal.o
 *(.rodata*)
 .rodata._svfprintf_r.str1.1
                0x0000000008001ca4       0x11 c:/st/stm32cubeide_1.7.0/stm32cubeide/plugins/com.st.stm32cube.ide.mcu.externaltools.gnu-tools-for-stm32.9-2020-q2-update.win32_2.0.0.202105311346/tools/bin/../lib/gcc/arm-none-eabi/9.3.1/../../../../arm-none-eabi/lib/thumb/v7e-m+fp/hard\libc_nano.a(lib_a-nano-svfprintf.o)
 .rodata._printf_i.str1.1
                0x0000000008001cb5       0x22 c:/st/stm32cubeide_1.7.0/stm32cubeide/plugins/com.st.stm32cube.ide.mcu.externaltools.gnu-tools-for-stm32.9-2020-q2-update.win32_2.0.0.202105311346/tools/bin/../lib/gcc/arm-none-eabi/9.3.1/../../../../arm-none-eabi/lib/thumb/v7e-m+fp/hard\libc_nano.a(lib_a-nano-vfprintf_i.o)
                0x0000000008001cd8                . = ALIGN (0x4)
 *fill*         0x0000000008001cd7        0x1 

.rel.dyn        0x0000000008001cd8        0x0
 .rel.iplt      0x0000000008001cd8        0x0 c:/st/stm32cubeide_1.7.0/stm32cubeide/plugins/com.st.stm32cube.ide.mcu.externaltools.gnu-tools-for-stm32.9-2020-q2-update.win32_2.0.0.202105311346/tools/bin/../lib/gcc/arm-none-eabi/9.3.1/thumb/v7e-m+fp/hard/crtbegin.o

.ARM.extab      0x0000000008001cd8        0x0
                0x0000000008001cd8                . = ALIGN (0x4)
 *(.ARM.extab* .gnu.linkonce.armextab.*)
                0x0000000008001cd8                . = ALIGN (0x4)

.ARM            0x0000000008001cd8        0x0
                0x0000000008001cd8                . = ALIGN (0x4)
                0x0000000008001cd8                __exidx_start = .
 *(.ARM.exidx*)
                0x0000000008001cd8                __exidx_end = .
                0x0000000008001cd8                . = ALIGN (0x4)

.preinit_array  0x0000000008001cd8        0x0
                0x0000000008001cd8                . = ALIGN (0x4)
                0x0000000008001cd8                PROVIDE (__preinit_array_start = .)
 *(.preinit_array*)
                0x0000000008001cd8                PROVIDE (__preinit_array_end = .)
                0x0000000008001cd8                . = ALIGN (0x4)

.init_array     0x0000000008001cd8        0x4
                0x0000000008001cd8                . = ALIGN (0x4)
                0x0000000008001cd8                PROVIDE (__init_array_start = .)
 *(SORT_BY_NAME(.init_array.*))
 *(.init_array*)
 .init_array    0x0000000008001cd8        0x4 c:/st/stm32cubeide_1.7.0/stm32cubeide/plugins/com.st.stm32cube.ide.mcu.externaltools.gnu-tools-for-stm32.9-2020-q2-update.win32_2.0.0.202105311346/tools/bin/../lib/gcc/arm-none-eabi/9.3.1/thumb/v7e-m+fp/hard/crtbegin.o
                0x0000000008001cdc                PROVIDE (__init_array_end = .)
                0x0000000008001cdc                . = ALIGN (0x4)

.fini_array     0x0000000008001cdc        0x4
                0x0000000008001cdc                . = ALIGN (0x4)
                [!provide]                        PROVIDE (__fini_array_start = .)
 *(SORT_BY_NAME(.fini_array.*))
 *(.fini_array*)
 .fini_array    0x0000000008001cdc        0x4 c:/st/stm32cubeide_1.7.0/stm32cubeide/plugins/com.st.stm32cube.ide.mcu.externaltools.gnu-tools-for-stm32.9-2020-q2-update.win32_2.0.0.202105311346/tools/bin/../lib/gcc/arm-none-eabi/9.3.1/thumb/v7e-m+fp/hard/crtbegin.o
                [!provide]                        PROVIDE (__fini_array_end = .)
                0x0000000008001ce0                . = ALIGN (0x4)
                0x0000000008001ce0                _sidata = LOADADDR (.data)

.data           0x0000000020000000       0x68 load address 0x0000000008001ce0
                0x0000000020000000                . = ALIGN (0x4)
                0x0000000020000000                _sdata = .
 *(.data)
 *(.data*)
 .data.currentState
                0x0000000020000000        0x4 ./Src/led.o
 .data._impure_ptr
                0x0000000020000004        0x4 c:/st/stm32cubeide_1.7.0/stm32cubeide/plugins/com.st.stm32cube.ide.mcu.externaltools.gnu-tools-for-stm32.9-2020-q2-update.win32_2.0.0.202105311346/tools/bin/../lib/gcc/arm-none-eabi/9.3.1/../../../../arm-none-eabi/lib/thumb/v7e-m+fp/hard\libc_nano.a(lib_a-impure.o)
                0x0000000020000004                _impure_ptr
 .data.impure_data
                0x0000000020000008       0x60 c:/st/stm32cubeide_1.7.0/stm32cubeide/plugins/com.st.stm32cube.ide.mcu.externaltools.gnu-tools-for-stm32.9-2020-q2-update.win32_2.0.0.202105311346/tools/bin/../lib/gcc/arm-none-eabi/9.3.1/../../../../arm-none-eabi/lib/thumb/v7e-m+fp/hard\libc_nano.a(lib_a-impure.o)
 *(.RamFunc)
 *(.RamFunc*)
                0x0000000020000068                . = ALIGN (0x4)
                0x0000000020000068                _edata = .

.igot.plt       0x0000000020000068        0x0 load address 0x0000000008001d48
 .igot.plt      0x0000000020000068        0x0 c:/st/stm32cubeide_1.7.0/stm32cubeide/plugins/com.st.stm32cube.ide.mcu.externaltools.gnu-tools-for-stm32.9-2020-q2-update.win32_2.0.0.202105311346/tools/bin/../lib/gcc/arm-none-eabi/9.3.1/thumb/v7e-m+fp/hard/crtbegin.o
                0x0000000020000068                . = ALIGN (0x4)

.bss            0x0000000020000068      0x4e8 load address 0x0000000008001d48
                0x0000000020000068                _sbss = .
                0x0000000020000068                __bss_start__ = _sbss
 *(.bss)
 .bss           0x0000000020000068       0x1c c:/st/stm32cubeide_1.7.0/stm32cubeide/plugins/com.st.stm32cube.ide.mcu.externaltools.gnu-tools-for-stm32.9-2020-q2-update.win32_2.0.0.202105311346/tools/bin/../lib/gcc/arm-none-eabi/9.3.1/thumb/v7e-m+fp/hard/crtbegin.o
 *(.bss*)
 .bss.eventQ_cy
                0x0000000020000084       0x88 ./Src/eventQ.o
 .bss.Blink     0x000000002000010c        0x1 ./Src/led.o
 .bss.Blink_Counter
                0x000000002000010d        0x1 ./Src/led.o
 .bss.serverState
                0x000000002000010e        0x1 ./Src/modem.o
 .bss.wifiConnecting
                0x000000002000010f        0x1 ./Src/modem.o
 .bss.serverConnecting
                0x0000000020000110        0x1 ./Src/modem.o
 *fill*         0x0000000020000111        0x3 
 .bss.A_Command_Buffer
                0x0000000020000114       0x80 ./Src/terminal.o
 .bss.waitForSSID
                0x0000000020000194        0x1 ./Src/terminal.o
 *fill*         0x0000000020000195        0x3 
 .bss.ssid      0x0000000020000198       0x80 ./Src/terminal.o
 .bss.waitForPassword
                0x0000000020000218        0x1 ./Src/terminal.o
 *fill*         0x0000000020000219        0x3 
 .bss.password  0x000000002000021c       0x80 ./Src/terminal.o
 .bss.waitForIP
                0x000000002000029c        0x1 ./Src/terminal.o
 *fill*         0x000000002000029d        0x3 
 .bss.IP        0x00000000200002a0       0x80 ./Src/terminal.o
 .bss.Expired   0x0000000020000320        0x1 ./Src/timer2.o
 *fill*         0x0000000020000321        0x3 
 .bss.usart1_cy
                0x0000000020000324       0x88 ./Src/usart1.o
 .bss.A_Rx_Buffer
                0x00000000200003ac       0x80 ./Src/usart1terminal.o
 .bss.usart2_cy
                0x000000002000042c       0x88 ./Src/usart2.o
 .bss.A_Tx_Buffer
                0x00000000200004b4       0x80 ./Src/usart2.o
 .bss.__malloc_free_list
                0x0000000020000534        0x4 c:/st/stm32cubeide_1.7.0/stm32cubeide/plugins/com.st.stm32cube.ide.mcu.externaltools.gnu-tools-for-stm32.9-2020-q2-update.win32_2.0.0.202105311346/tools/bin/../lib/gcc/arm-none-eabi/9.3.1/../../../../arm-none-eabi/lib/thumb/v7e-m+fp/hard\libc_nano.a(lib_a-nano-mallocr.o)
                0x0000000020000534                __malloc_free_list
 .bss.__malloc_sbrk_start
                0x0000000020000538        0x4 c:/st/stm32cubeide_1.7.0/stm32cubeide/plugins/com.st.stm32cube.ide.mcu.externaltools.gnu-tools-for-stm32.9-2020-q2-update.win32_2.0.0.202105311346/tools/bin/../lib/gcc/arm-none-eabi/9.3.1/../../../../arm-none-eabi/lib/thumb/v7e-m+fp/hard\libc_nano.a(lib_a-nano-mallocr.o)
                0x0000000020000538                __malloc_sbrk_start
 .bss.heap_end.5507
                0x000000002000053c        0x4 c:/st/stm32cubeide_1.7.0/stm32cubeide/plugins/com.st.stm32cube.ide.mcu.externaltools.gnu-tools-for-stm32.9-2020-q2-update.win32_2.0.0.202105311346/tools/bin/../lib/gcc/arm-none-eabi/9.3.1/../../../../arm-none-eabi/lib/thumb/v7e-m+fp/hard\libnosys.a(sbrk.o)
 *(COMMON)
 COMMON         0x0000000020000540        0x4 c:/st/stm32cubeide_1.7.0/stm32cubeide/plugins/com.st.stm32cube.ide.mcu.externaltools.gnu-tools-for-stm32.9-2020-q2-update.win32_2.0.0.202105311346/tools/bin/../lib/gcc/arm-none-eabi/9.3.1/../../../../arm-none-eabi/lib/thumb/v7e-m+fp/hard\libc_nano.a(lib_a-reent.o)
                0x0000000020000540                errno
 COMMON         0x0000000020000544        0x9 c:/st/stm32cubeide_1.7.0/stm32cubeide/plugins/com.st.stm32cube.ide.mcu.externaltools.gnu-tools-for-stm32.9-2020-q2-update.win32_2.0.0.202105311346/tools/bin/../lib/gcc/arm-none-eabi/9.3.1/../../../../arm-none-eabi/lib/thumb/v7e-m+fp/hard\libc_nano.a(lib_a-lock.o)
                0x0000000020000544                __lock___atexit_recursive_mutex
                0x0000000020000545                __lock___arc4random_mutex
                0x0000000020000546                __lock___env_recursive_mutex
                0x0000000020000547                __lock___sinit_recursive_mutex
                0x0000000020000548                __lock___malloc_recursive_mutex
                0x0000000020000549                __lock___at_quick_exit_mutex
                0x000000002000054a                __lock___dd_hash_mutex
                0x000000002000054b                __lock___tz_mutex
                0x000000002000054c                __lock___sfp_recursive_mutex
                0x0000000020000550                . = ALIGN (0x4)
 *fill*         0x000000002000054d        0x3 
                0x0000000020000550                _ebss = .
                0x0000000020000550                __bss_end__ = _ebss

._user_heap_stack
                0x0000000020000550      0x600 load address 0x0000000008001d48
                0x0000000020000550                . = ALIGN (0x8)
                0x0000000020000550                PROVIDE (end = .)
                [!provide]                        PROVIDE (_end = .)
                0x0000000020000750                . = (. + _Min_Heap_Size)
 *fill*         0x0000000020000550      0x200 
                0x0000000020000b50                . = (. + _Min_Stack_Size)
 *fill*         0x0000000020000750      0x400 
                0x0000000020000b50                . = ALIGN (0x8)

/DISCARD/
 libc.a(*)
 libm.a(*)
 libgcc.a(*)

.ARM.attributes
                0x0000000000000000       0x30
 *(.ARM.attributes)
 .ARM.attributes
                0x0000000000000000       0x1e c:/st/stm32cubeide_1.7.0/stm32cubeide/plugins/com.st.stm32cube.ide.mcu.externaltools.gnu-tools-for-stm32.9-2020-q2-update.win32_2.0.0.202105311346/tools/bin/../lib/gcc/arm-none-eabi/9.3.1/thumb/v7e-m+fp/hard/crti.o
 .ARM.attributes
                0x000000000000001e       0x34 c:/st/stm32cubeide_1.7.0/stm32cubeide/plugins/com.st.stm32cube.ide.mcu.externaltools.gnu-tools-for-stm32.9-2020-q2-update.win32_2.0.0.202105311346/tools/bin/../lib/gcc/arm-none-eabi/9.3.1/thumb/v7e-m+fp/hard/crtbegin.o
 .ARM.attributes
                0x0000000000000052       0x34 ./Src/button.o
 .ARM.attributes
                0x0000000000000086       0x34 ./Src/cyclic_buffer.o
 .ARM.attributes
                0x00000000000000ba       0x34 ./Src/eventQ.o
 .ARM.attributes
                0x00000000000000ee       0x34 ./Src/led.o
 .ARM.attributes
                0x0000000000000122       0x34 ./Src/main.o
 .ARM.attributes
                0x0000000000000156       0x34 ./Src/modem.o
 .ARM.attributes
                0x000000000000018a       0x34 ./Src/terminal.o
 .ARM.attributes
                0x00000000000001be       0x34 ./Src/timer2.o
 .ARM.attributes
                0x00000000000001f2       0x34 ./Src/usart1.o
 .ARM.attributes
                0x0000000000000226       0x34 ./Src/usart1terminal.o
 .ARM.attributes
                0x000000000000025a       0x34 ./Src/usart2.o
 .ARM.attributes
                0x000000000000028e       0x34 ./Src/watchdog.o
 .ARM.attributes
                0x00000000000002c2       0x21 ./Startup/startup_stm32f303retx.o
 .ARM.attributes
                0x00000000000002e3       0x32 c:/st/stm32cubeide_1.7.0/stm32cubeide/plugins/com.st.stm32cube.ide.mcu.externaltools.gnu-tools-for-stm32.9-2020-q2-update.win32_2.0.0.202105311346/tools/bin/../lib/gcc/arm-none-eabi/9.3.1/../../../../arm-none-eabi/lib/thumb/v7e-m+fp/hard\libc_nano.a(lib_a-impure.o)
 .ARM.attributes
                0x0000000000000315       0x34 c:/st/stm32cubeide_1.7.0/stm32cubeide/plugins/com.st.stm32cube.ide.mcu.externaltools.gnu-tools-for-stm32.9-2020-q2-update.win32_2.0.0.202105311346/tools/bin/../lib/gcc/arm-none-eabi/9.3.1/../../../../arm-none-eabi/lib/thumb/v7e-m+fp/hard\libc_nano.a(lib_a-init.o)
 .ARM.attributes
                0x0000000000000349       0x34 c:/st/stm32cubeide_1.7.0/stm32cubeide/plugins/com.st.stm32cube.ide.mcu.externaltools.gnu-tools-for-stm32.9-2020-q2-update.win32_2.0.0.202105311346/tools/bin/../lib/gcc/arm-none-eabi/9.3.1/../../../../arm-none-eabi/lib/thumb/v7e-m+fp/hard\libc_nano.a(lib_a-strcat.o)
 .ARM.attributes
                0x000000000000037d       0x1c c:/st/stm32cubeide_1.7.0/stm32cubeide/plugins/com.st.stm32cube.ide.mcu.externaltools.gnu-tools-for-stm32.9-2020-q2-update.win32_2.0.0.202105311346/tools/bin/../lib/gcc/arm-none-eabi/9.3.1/../../../../arm-none-eabi/lib/thumb/v7e-m+fp/hard\libc_nano.a(lib_a-strcmp.o)
 .ARM.attributes
                0x0000000000000399       0x34 c:/st/stm32cubeide_1.7.0/stm32cubeide/plugins/com.st.stm32cube.ide.mcu.externaltools.gnu-tools-for-stm32.9-2020-q2-update.win32_2.0.0.202105311346/tools/bin/../lib/gcc/arm-none-eabi/9.3.1/../../../../arm-none-eabi/lib/thumb/v7e-m+fp/hard\libc_nano.a(lib_a-strcpy.o)
 .ARM.attributes
                0x00000000000003cd       0x17 c:/st/stm32cubeide_1.7.0/stm32cubeide/plugins/com.st.stm32cube.ide.mcu.externaltools.gnu-tools-for-stm32.9-2020-q2-update.win32_2.0.0.202105311346/tools/bin/../lib/gcc/arm-none-eabi/9.3.1/../../../../arm-none-eabi/lib/thumb/v7e-m+fp/hard\libc_nano.a(lib_a-strlen.o)
 .ARM.attributes
                0x00000000000003e4       0x34 c:/st/stm32cubeide_1.7.0/stm32cubeide/plugins/com.st.stm32cube.ide.mcu.externaltools.gnu-tools-for-stm32.9-2020-q2-update.win32_2.0.0.202105311346/tools/bin/../lib/gcc/arm-none-eabi/9.3.1/../../../../arm-none-eabi/lib/thumb/v7e-m+fp/hard\libc_nano.a(lib_a-strstr.o)
 .ARM.attributes
                0x0000000000000418       0x34 c:/st/stm32cubeide_1.7.0/stm32cubeide/plugins/com.st.stm32cube.ide.mcu.externaltools.gnu-tools-for-stm32.9-2020-q2-update.win32_2.0.0.202105311346/tools/bin/../lib/gcc/arm-none-eabi/9.3.1/../../../../arm-none-eabi/lib/thumb/v7e-m+fp/hard\libc_nano.a(lib_a-vsprintf.o)
 .ARM.attributes
                0x000000000000044c       0x34 c:/st/stm32cubeide_1.7.0/stm32cubeide/plugins/com.st.stm32cube.ide.mcu.externaltools.gnu-tools-for-stm32.9-2020-q2-update.win32_2.0.0.202105311346/tools/bin/../lib/gcc/arm-none-eabi/9.3.1/../../../../arm-none-eabi/lib/thumb/v7e-m+fp/hard\libc_nano.a(lib_a-nano-svfprintf.o)
 .ARM.attributes
                0x0000000000000480       0x34 c:/st/stm32cubeide_1.7.0/stm32cubeide/plugins/com.st.stm32cube.ide.mcu.externaltools.gnu-tools-for-stm32.9-2020-q2-update.win32_2.0.0.202105311346/tools/bin/../lib/gcc/arm-none-eabi/9.3.1/../../../../arm-none-eabi/lib/thumb/v7e-m+fp/hard\libc_nano.a(lib_a-nano-vfprintf_i.o)
 .ARM.attributes
                0x00000000000004b4       0x1c c:/st/stm32cubeide_1.7.0/stm32cubeide/plugins/com.st.stm32cube.ide.mcu.externaltools.gnu-tools-for-stm32.9-2020-q2-update.win32_2.0.0.202105311346/tools/bin/../lib/gcc/arm-none-eabi/9.3.1/../../../../arm-none-eabi/lib/thumb/v7e-m+fp/hard\libc_nano.a(lib_a-memchr.o)
 .ARM.attributes
                0x00000000000004d0       0x34 c:/st/stm32cubeide_1.7.0/stm32cubeide/plugins/com.st.stm32cube.ide.mcu.externaltools.gnu-tools-for-stm32.9-2020-q2-update.win32_2.0.0.202105311346/tools/bin/../lib/gcc/arm-none-eabi/9.3.1/../../../../arm-none-eabi/lib/thumb/v7e-m+fp/hard\libc_nano.a(lib_a-memcpy-stub.o)
 .ARM.attributes
                0x0000000000000504       0x34 c:/st/stm32cubeide_1.7.0/stm32cubeide/plugins/com.st.stm32cube.ide.mcu.externaltools.gnu-tools-for-stm32.9-2020-q2-update.win32_2.0.0.202105311346/tools/bin/../lib/gcc/arm-none-eabi/9.3.1/../../../../arm-none-eabi/lib/thumb/v7e-m+fp/hard\libc_nano.a(lib_a-memmove.o)
 .ARM.attributes
                0x0000000000000538       0x34 c:/st/stm32cubeide_1.7.0/stm32cubeide/plugins/com.st.stm32cube.ide.mcu.externaltools.gnu-tools-for-stm32.9-2020-q2-update.win32_2.0.0.202105311346/tools/bin/../lib/gcc/arm-none-eabi/9.3.1/../../../../arm-none-eabi/lib/thumb/v7e-m+fp/hard\libc_nano.a(lib_a-nano-freer.o)
 .ARM.attributes
                0x000000000000056c       0x34 c:/st/stm32cubeide_1.7.0/stm32cubeide/plugins/com.st.stm32cube.ide.mcu.externaltools.gnu-tools-for-stm32.9-2020-q2-update.win32_2.0.0.202105311346/tools/bin/../lib/gcc/arm-none-eabi/9.3.1/../../../../arm-none-eabi/lib/thumb/v7e-m+fp/hard\libc_nano.a(lib_a-nano-mallocr.o)
 .ARM.attributes
                0x00000000000005a0       0x34 c:/st/stm32cubeide_1.7.0/stm32cubeide/plugins/com.st.stm32cube.ide.mcu.externaltools.gnu-tools-for-stm32.9-2020-q2-update.win32_2.0.0.202105311346/tools/bin/../lib/gcc/arm-none-eabi/9.3.1/../../../../arm-none-eabi/lib/thumb/v7e-m+fp/hard\libc_nano.a(lib_a-nano-reallocr.o)
 .ARM.attributes
                0x00000000000005d4       0x34 c:/st/stm32cubeide_1.7.0/stm32cubeide/plugins/com.st.stm32cube.ide.mcu.externaltools.gnu-tools-for-stm32.9-2020-q2-update.win32_2.0.0.202105311346/tools/bin/../lib/gcc/arm-none-eabi/9.3.1/../../../../arm-none-eabi/lib/thumb/v7e-m+fp/hard\libc_nano.a(lib_a-sbrkr.o)
 .ARM.attributes
                0x0000000000000608       0x34 c:/st/stm32cubeide_1.7.0/stm32cubeide/plugins/com.st.stm32cube.ide.mcu.externaltools.gnu-tools-for-stm32.9-2020-q2-update.win32_2.0.0.202105311346/tools/bin/../lib/gcc/arm-none-eabi/9.3.1/../../../../arm-none-eabi/lib/thumb/v7e-m+fp/hard\libc_nano.a(lib_a-mlock.o)
 .ARM.attributes
                0x000000000000063c       0x34 c:/st/stm32cubeide_1.7.0/stm32cubeide/plugins/com.st.stm32cube.ide.mcu.externaltools.gnu-tools-for-stm32.9-2020-q2-update.win32_2.0.0.202105311346/tools/bin/../lib/gcc/arm-none-eabi/9.3.1/../../../../arm-none-eabi/lib/thumb/v7e-m+fp/hard\libc_nano.a(lib_a-nano-msizer.o)
 .ARM.attributes
                0x0000000000000670       0x34 c:/st/stm32cubeide_1.7.0/stm32cubeide/plugins/com.st.stm32cube.ide.mcu.externaltools.gnu-tools-for-stm32.9-2020-q2-update.win32_2.0.0.202105311346/tools/bin/../lib/gcc/arm-none-eabi/9.3.1/../../../../arm-none-eabi/lib/thumb/v7e-m+fp/hard\libc_nano.a(lib_a-reent.o)
 .ARM.attributes
                0x00000000000006a4       0x34 c:/st/stm32cubeide_1.7.0/stm32cubeide/plugins/com.st.stm32cube.ide.mcu.externaltools.gnu-tools-for-stm32.9-2020-q2-update.win32_2.0.0.202105311346/tools/bin/../lib/gcc/arm-none-eabi/9.3.1/../../../../arm-none-eabi/lib/thumb/v7e-m+fp/hard\libc_nano.a(lib_a-lock.o)
 .ARM.attributes
                0x00000000000006d8       0x34 c:/st/stm32cubeide_1.7.0/stm32cubeide/plugins/com.st.stm32cube.ide.mcu.externaltools.gnu-tools-for-stm32.9-2020-q2-update.win32_2.0.0.202105311346/tools/bin/../lib/gcc/arm-none-eabi/9.3.1/../../../../arm-none-eabi/lib/thumb/v7e-m+fp/hard\libnosys.a(sbrk.o)
 .ARM.attributes
                0x000000000000070c       0x1e c:/st/stm32cubeide_1.7.0/stm32cubeide/plugins/com.st.stm32cube.ide.mcu.externaltools.gnu-tools-for-stm32.9-2020-q2-update.win32_2.0.0.202105311346/tools/bin/../lib/gcc/arm-none-eabi/9.3.1/thumb/v7e-m+fp/hard/crtn.o
OUTPUT(final_project_client.elf elf32-littlearm)
LOAD linker stubs
LOAD c:/st/stm32cubeide_1.7.0/stm32cubeide/plugins/com.st.stm32cube.ide.mcu.externaltools.gnu-tools-for-stm32.9-2020-q2-update.win32_2.0.0.202105311346/tools/bin/../lib/gcc/arm-none-eabi/9.3.1/../../../../arm-none-eabi/lib/thumb/v7e-m+fp/hard\libc.a
LOAD c:/st/stm32cubeide_1.7.0/stm32cubeide/plugins/com.st.stm32cube.ide.mcu.externaltools.gnu-tools-for-stm32.9-2020-q2-update.win32_2.0.0.202105311346/tools/bin/../lib/gcc/arm-none-eabi/9.3.1/../../../../arm-none-eabi/lib/thumb/v7e-m+fp/hard\libm.a
LOAD c:/st/stm32cubeide_1.7.0/stm32cubeide/plugins/com.st.stm32cube.ide.mcu.externaltools.gnu-tools-for-stm32.9-2020-q2-update.win32_2.0.0.202105311346/tools/bin/../lib/gcc/arm-none-eabi/9.3.1/thumb/v7e-m+fp/hard\libgcc.a

.debug_info     0x0000000000000000     0x72e5
 .debug_info    0x0000000000000000     0x105b ./Src/button.o
 .debug_info    0x000000000000105b      0x171 ./Src/cyclic_buffer.o
 .debug_info    0x00000000000011cc      0xa19 ./Src/eventQ.o
 .debug_info    0x0000000000001be5      0x392 ./Src/led.o
 .debug_info    0x0000000000001f77      0xa15 ./Src/main.o
 .debug_info    0x000000000000298c      0xb1a ./Src/modem.o
 .debug_info    0x00000000000034a6      0x9ff ./Src/terminal.o
 .debug_info    0x0000000000003ea5      0x730 ./Src/timer2.o
 .debug_info    0x00000000000045d5     0x10b7 ./Src/usart1.o
 .debug_info    0x000000000000568c      0x968 ./Src/usart1terminal.o
 .debug_info    0x0000000000005ff4     0x112e ./Src/usart2.o
 .debug_info    0x0000000000007122      0x1a1 ./Src/watchdog.o
 .debug_info    0x00000000000072c3       0x22 ./Startup/startup_stm32f303retx.o

.debug_abbrev   0x0000000000000000     0x15c6
 .debug_abbrev  0x0000000000000000      0x232 ./Src/button.o
 .debug_abbrev  0x0000000000000232       0xfe ./Src/cyclic_buffer.o
 .debug_abbrev  0x0000000000000330      0x1f7 ./Src/eventQ.o
 .debug_abbrev  0x0000000000000527      0x123 ./Src/led.o
 .debug_abbrev  0x000000000000064a      0x1d3 ./Src/main.o
 .debug_abbrev  0x000000000000081d      0x22b ./Src/modem.o
 .debug_abbrev  0x0000000000000a48      0x1ea ./Src/terminal.o
 .debug_abbrev  0x0000000000000c32      0x1ab ./Src/timer2.o
 .debug_abbrev  0x0000000000000ddd      0x28c ./Src/usart1.o
 .debug_abbrev  0x0000000000001069      0x1ac ./Src/usart1terminal.o
 .debug_abbrev  0x0000000000001215      0x2ad ./Src/usart2.o
 .debug_abbrev  0x00000000000014c2       0xf2 ./Src/watchdog.o
 .debug_abbrev  0x00000000000015b4       0x12 ./Startup/startup_stm32f303retx.o

.debug_aranges  0x0000000000000000      0x2d0
 .debug_aranges
                0x0000000000000000       0x38 ./Src/button.o
 .debug_aranges
                0x0000000000000038       0x38 ./Src/cyclic_buffer.o
 .debug_aranges
                0x0000000000000070       0x38 ./Src/eventQ.o
 .debug_aranges
                0x00000000000000a8       0x48 ./Src/led.o
 .debug_aranges
                0x00000000000000f0       0x20 ./Src/main.o
 .debug_aranges
                0x0000000000000110       0x68 ./Src/modem.o
 .debug_aranges
                0x0000000000000178       0x28 ./Src/terminal.o
 .debug_aranges
                0x00000000000001a0       0x38 ./Src/timer2.o
 .debug_aranges
                0x00000000000001d8       0x40 ./Src/usart1.o
 .debug_aranges
                0x0000000000000218       0x20 ./Src/usart1terminal.o
 .debug_aranges
                0x0000000000000238       0x48 ./Src/usart2.o
 .debug_aranges
                0x0000000000000280       0x28 ./Src/watchdog.o
 .debug_aranges
                0x00000000000002a8       0x28 ./Startup/startup_stm32f303retx.o

.debug_ranges   0x0000000000000000      0x208
 .debug_ranges  0x0000000000000000       0x28 ./Src/button.o
 .debug_ranges  0x0000000000000028       0x28 ./Src/cyclic_buffer.o
 .debug_ranges  0x0000000000000050       0x28 ./Src/eventQ.o
 .debug_ranges  0x0000000000000078       0x38 ./Src/led.o
 .debug_ranges  0x00000000000000b0       0x10 ./Src/main.o
 .debug_ranges  0x00000000000000c0       0x58 ./Src/modem.o
 .debug_ranges  0x0000000000000118       0x18 ./Src/terminal.o
 .debug_ranges  0x0000000000000130       0x28 ./Src/timer2.o
 .debug_ranges  0x0000000000000158       0x30 ./Src/usart1.o
 .debug_ranges  0x0000000000000188       0x10 ./Src/usart1terminal.o
 .debug_ranges  0x0000000000000198       0x38 ./Src/usart2.o
 .debug_ranges  0x00000000000001d0       0x18 ./Src/watchdog.o
 .debug_ranges  0x00000000000001e8       0x20 ./Startup/startup_stm32f303retx.o

.debug_macro    0x0000000000000000    0x19b4f
 .debug_macro   0x0000000000000000      0x25f ./Src/button.o
 .debug_macro   0x000000000000025f      0xaae ./Src/button.o
 .debug_macro   0x0000000000000d0d       0x28 ./Src/button.o
 .debug_macro   0x0000000000000d35       0x22 ./Src/button.o
 .debug_macro   0x0000000000000d57       0x8e ./Src/button.o
 .debug_macro   0x0000000000000de5       0x51 ./Src/button.o
 .debug_macro   0x0000000000000e36      0x103 ./Src/button.o
 .debug_macro   0x0000000000000f39       0x6a ./Src/button.o
 .debug_macro   0x0000000000000fa3      0x1df ./Src/button.o
 .debug_macro   0x0000000000001182       0x1c ./Src/button.o
 .debug_macro   0x000000000000119e       0x22 ./Src/button.o
 .debug_macro   0x00000000000011c0       0xdf ./Src/button.o
 .debug_macro   0x000000000000129f     0x102d ./Src/button.o
 .debug_macro   0x00000000000022cc      0x11f ./Src/button.o
 .debug_macro   0x00000000000023eb    0x15353 ./Src/button.o
 .debug_macro   0x000000000001773e       0x52 ./Src/button.o
 .debug_macro   0x0000000000017790       0x18 ./Src/button.o
 .debug_macro   0x00000000000177a8       0x3c ./Src/button.o
 .debug_macro   0x00000000000177e4       0x34 ./Src/button.o
 .debug_macro   0x0000000000017818       0x16 ./Src/button.o
 .debug_macro   0x000000000001782e       0x97 ./Src/button.o
 .debug_macro   0x00000000000178c5      0x333 ./Src/button.o
 .debug_macro   0x0000000000017bf8       0xfd ./Src/button.o
 .debug_macro   0x0000000000017cf5       0x10 ./Src/button.o
 .debug_macro   0x0000000000017d05       0x16 ./Src/button.o
 .debug_macro   0x0000000000017d1b       0x43 ./Src/button.o
 .debug_macro   0x0000000000017d5e       0x34 ./Src/button.o
 .debug_macro   0x0000000000017d92       0x10 ./Src/button.o
 .debug_macro   0x0000000000017da2       0x58 ./Src/button.o
 .debug_macro   0x0000000000017dfa       0x71 ./Src/button.o
 .debug_macro   0x0000000000017e6b       0x1c ./Src/button.o
 .debug_macro   0x0000000000017e87      0x12a ./Src/button.o
 .debug_macro   0x0000000000017fb1       0x10 ./Src/button.o
 .debug_macro   0x0000000000017fc1       0x1c ./Src/button.o
 .debug_macro   0x0000000000017fdd       0x52 ./Src/button.o
 .debug_macro   0x000000000001802f       0x22 ./Src/button.o
 .debug_macro   0x0000000000018051       0x10 ./Src/button.o
 .debug_macro   0x0000000000018061       0x40 ./Src/button.o
 .debug_macro   0x00000000000180a1       0xd5 ./Src/button.o
 .debug_macro   0x0000000000018176       0x1c ./Src/button.o
 .debug_macro   0x0000000000018192       0x3d ./Src/button.o
 .debug_macro   0x00000000000181cf       0x16 ./Src/button.o
 .debug_macro   0x00000000000181e5      0x145 ./Src/button.o
 .debug_macro   0x000000000001832a       0x28 ./Src/cyclic_buffer.o
 .debug_macro   0x0000000000018352       0x10 ./Src/cyclic_buffer.o
 .debug_macro   0x0000000000018362      0x1c6 ./Src/eventQ.o
 .debug_macro   0x0000000000018528       0x4c ./Src/eventQ.o
 .debug_macro   0x0000000000018574       0x94 ./Src/eventQ.o
 .debug_macro   0x0000000000018608       0x57 ./Src/eventQ.o
 .debug_macro   0x000000000001865f      0x339 ./Src/eventQ.o
 .debug_macro   0x0000000000018998       0xe5 ./Src/led.o
 .debug_macro   0x0000000000018a7d       0x10 ./Src/led.o
 .debug_macro   0x0000000000018a8d       0x10 ./Src/led.o
 .debug_macro   0x0000000000018a9d      0x2ca ./Src/main.o
 .debug_macro   0x0000000000018d67      0x174 ./Src/main.o
 .debug_macro   0x0000000000018edb       0x10 ./Src/main.o
 .debug_macro   0x0000000000018eeb       0x35 ./Src/main.o
 .debug_macro   0x0000000000018f20       0x20 ./Src/main.o
 .debug_macro   0x0000000000018f40       0xd9 ./Src/main.o
 .debug_macro   0x0000000000019019       0x1c ./Src/main.o
 .debug_macro   0x0000000000019035       0x10 ./Src/main.o
 .debug_macro   0x0000000000019045       0x16 ./Src/main.o
 .debug_macro   0x000000000001905b       0x10 ./Src/main.o
 .debug_macro   0x000000000001906b      0x143 ./Src/modem.o
 .debug_macro   0x00000000000191ae      0x14a ./Src/terminal.o
 .debug_macro   0x00000000000192f8       0xd7 ./Src/timer2.o
 .debug_macro   0x00000000000193cf      0x27a ./Src/usart1.o
 .debug_macro   0x0000000000019649       0x58 ./Src/usart1.o
 .debug_macro   0x00000000000196a1       0x16 ./Src/usart1.o
 .debug_macro   0x00000000000196b7       0x10 ./Src/usart1.o
 .debug_macro   0x00000000000196c7      0x149 ./Src/usart1terminal.o
 .debug_macro   0x0000000000019810      0x276 ./Src/usart2.o
 .debug_macro   0x0000000000019a86       0xc9 ./Src/watchdog.o

.debug_line     0x0000000000000000     0x42d2
 .debug_line    0x0000000000000000      0x69e ./Src/button.o
 .debug_line    0x000000000000069e      0x102 ./Src/cyclic_buffer.o
 .debug_line    0x00000000000007a0      0x5c2 ./Src/eventQ.o
 .debug_line    0x0000000000000d62      0x4d3 ./Src/led.o
 .debug_line    0x0000000000001235      0x6fd ./Src/main.o
 .debug_line    0x0000000000001932      0x624 ./Src/modem.o
 .debug_line    0x0000000000001f56      0x5cb ./Src/terminal.o
 .debug_line    0x0000000000002521      0x49c ./Src/timer2.o
 .debug_line    0x00000000000029bd      0x747 ./Src/usart1.o
 .debug_line    0x0000000000003104      0x58c ./Src/usart1terminal.o
 .debug_line    0x0000000000003690      0x766 ./Src/usart2.o
 .debug_line    0x0000000000003df6      0x458 ./Src/watchdog.o
 .debug_line    0x000000000000424e       0x84 ./Startup/startup_stm32f303retx.o

.debug_str      0x0000000000000000    0x87667
 .debug_str     0x0000000000000000    0x86edc ./Src/button.o
                                      0x872b6 (size before relaxing)
 .debug_str     0x0000000000086edc       0x7b ./Src/cyclic_buffer.o
                                       0x2e5a (size before relaxing)
 .debug_str     0x0000000000086f57       0x61 ./Src/eventQ.o
                                       0x77a1 (size before relaxing)
 .debug_str     0x0000000000086fb8      0x13b ./Src/led.o
                                      0x82969 (size before relaxing)
 .debug_str     0x00000000000870f3       0xdb ./Src/main.o
                                      0x86dc3 (size before relaxing)
 .debug_str     0x00000000000871ce      0x109 ./Src/modem.o
                                       0x6897 (size before relaxing)
 .debug_str     0x00000000000872d7       0x56 ./Src/terminal.o
                                       0x6801 (size before relaxing)
 .debug_str     0x000000000008732d       0x98 ./Src/timer2.o
                                      0x82df1 (size before relaxing)
 .debug_str     0x00000000000873c5      0x16d ./Src/usart1.o
                                      0x87474 (size before relaxing)
 .debug_str     0x0000000000087532       0x41 ./Src/usart1terminal.o
                                       0x67da (size before relaxing)
 .debug_str     0x0000000000087573       0x84 ./Src/usart2.o
                                      0x874b6 (size before relaxing)
 .debug_str     0x00000000000875f7       0x3f ./Src/watchdog.o
                                      0x8280d (size before relaxing)
 .debug_str     0x0000000000087636       0x31 ./Startup/startup_stm32f303retx.o
                                         0x5b (size before relaxing)

.comment        0x0000000000000000       0x53
 .comment       0x0000000000000000       0x53 ./Src/button.o
                                         0x54 (size before relaxing)
 .comment       0x0000000000000053       0x54 ./Src/cyclic_buffer.o
 .comment       0x0000000000000053       0x54 ./Src/eventQ.o
 .comment       0x0000000000000053       0x54 ./Src/led.o
 .comment       0x0000000000000053       0x54 ./Src/main.o
 .comment       0x0000000000000053       0x54 ./Src/modem.o
 .comment       0x0000000000000053       0x54 ./Src/terminal.o
 .comment       0x0000000000000053       0x54 ./Src/timer2.o
 .comment       0x0000000000000053       0x54 ./Src/usart1.o
 .comment       0x0000000000000053       0x54 ./Src/usart1terminal.o
 .comment       0x0000000000000053       0x54 ./Src/usart2.o
 .comment       0x0000000000000053       0x54 ./Src/watchdog.o

.debug_frame    0x0000000000000000      0xbe8
 .debug_frame   0x0000000000000000       0x8c ./Src/button.o
 .debug_frame   0x000000000000008c       0xb0 ./Src/cyclic_buffer.o
 .debug_frame   0x000000000000013c       0x88 ./Src/eventQ.o
 .debug_frame   0x00000000000001c4       0xc8 ./Src/led.o
 .debug_frame   0x000000000000028c       0x30 ./Src/main.o
 .debug_frame   0x00000000000002bc      0x17c ./Src/modem.o
 .debug_frame   0x0000000000000438       0x54 ./Src/terminal.o
 .debug_frame   0x000000000000048c       0x94 ./Src/timer2.o
 .debug_frame   0x0000000000000520       0xc4 ./Src/usart1.o
 .debug_frame   0x00000000000005e4       0x2c ./Src/usart1terminal.o
 .debug_frame   0x0000000000000610      0x100 ./Src/usart2.o
 .debug_frame   0x0000000000000710       0x4c ./Src/watchdog.o
 .debug_frame   0x000000000000075c       0x2c c:/st/stm32cubeide_1.7.0/stm32cubeide/plugins/com.st.stm32cube.ide.mcu.externaltools.gnu-tools-for-stm32.9-2020-q2-update.win32_2.0.0.202105311346/tools/bin/../lib/gcc/arm-none-eabi/9.3.1/../../../../arm-none-eabi/lib/thumb/v7e-m+fp/hard\libc_nano.a(lib_a-init.o)
 .debug_frame   0x0000000000000788       0x28 c:/st/stm32cubeide_1.7.0/stm32cubeide/plugins/com.st.stm32cube.ide.mcu.externaltools.gnu-tools-for-stm32.9-2020-q2-update.win32_2.0.0.202105311346/tools/bin/../lib/gcc/arm-none-eabi/9.3.1/../../../../arm-none-eabi/lib/thumb/v7e-m+fp/hard\libc_nano.a(lib_a-strcat.o)
 .debug_frame   0x00000000000007b0       0x20 c:/st/stm32cubeide_1.7.0/stm32cubeide/plugins/com.st.stm32cube.ide.mcu.externaltools.gnu-tools-for-stm32.9-2020-q2-update.win32_2.0.0.202105311346/tools/bin/../lib/gcc/arm-none-eabi/9.3.1/../../../../arm-none-eabi/lib/thumb/v7e-m+fp/hard\libc_nano.a(lib_a-strcmp.o)
 .debug_frame   0x00000000000007d0       0x20 c:/st/stm32cubeide_1.7.0/stm32cubeide/plugins/com.st.stm32cube.ide.mcu.externaltools.gnu-tools-for-stm32.9-2020-q2-update.win32_2.0.0.202105311346/tools/bin/../lib/gcc/arm-none-eabi/9.3.1/../../../../arm-none-eabi/lib/thumb/v7e-m+fp/hard\libc_nano.a(lib_a-strcpy.o)
 .debug_frame   0x00000000000007f0       0x30 c:/st/stm32cubeide_1.7.0/stm32cubeide/plugins/com.st.stm32cube.ide.mcu.externaltools.gnu-tools-for-stm32.9-2020-q2-update.win32_2.0.0.202105311346/tools/bin/../lib/gcc/arm-none-eabi/9.3.1/../../../../arm-none-eabi/lib/thumb/v7e-m+fp/hard\libc_nano.a(lib_a-strstr.o)
 .debug_frame   0x0000000000000820       0x3c c:/st/stm32cubeide_1.7.0/stm32cubeide/plugins/com.st.stm32cube.ide.mcu.externaltools.gnu-tools-for-stm32.9-2020-q2-update.win32_2.0.0.202105311346/tools/bin/../lib/gcc/arm-none-eabi/9.3.1/../../../../arm-none-eabi/lib/thumb/v7e-m+fp/hard\libc_nano.a(lib_a-vsprintf.o)
 .debug_frame   0x000000000000085c       0x90 c:/st/stm32cubeide_1.7.0/stm32cubeide/plugins/com.st.stm32cube.ide.mcu.externaltools.gnu-tools-for-stm32.9-2020-q2-update.win32_2.0.0.202105311346/tools/bin/../lib/gcc/arm-none-eabi/9.3.1/../../../../arm-none-eabi/lib/thumb/v7e-m+fp/hard\libc_nano.a(lib_a-nano-svfprintf.o)
 .debug_frame   0x00000000000008ec       0x60 c:/st/stm32cubeide_1.7.0/stm32cubeide/plugins/com.st.stm32cube.ide.mcu.externaltools.gnu-tools-for-stm32.9-2020-q2-update.win32_2.0.0.202105311346/tools/bin/../lib/gcc/arm-none-eabi/9.3.1/../../../../arm-none-eabi/lib/thumb/v7e-m+fp/hard\libc_nano.a(lib_a-nano-vfprintf_i.o)
 .debug_frame   0x000000000000094c       0x28 c:/st/stm32cubeide_1.7.0/stm32cubeide/plugins/com.st.stm32cube.ide.mcu.externaltools.gnu-tools-for-stm32.9-2020-q2-update.win32_2.0.0.202105311346/tools/bin/../lib/gcc/arm-none-eabi/9.3.1/../../../../arm-none-eabi/lib/thumb/v7e-m+fp/hard\libc_nano.a(lib_a-memcpy-stub.o)
 .debug_frame   0x0000000000000974       0x28 c:/st/stm32cubeide_1.7.0/stm32cubeide/plugins/com.st.stm32cube.ide.mcu.externaltools.gnu-tools-for-stm32.9-2020-q2-update.win32_2.0.0.202105311346/tools/bin/../lib/gcc/arm-none-eabi/9.3.1/../../../../arm-none-eabi/lib/thumb/v7e-m+fp/hard\libc_nano.a(lib_a-memmove.o)
 .debug_frame   0x000000000000099c       0x38 c:/st/stm32cubeide_1.7.0/stm32cubeide/plugins/com.st.stm32cube.ide.mcu.externaltools.gnu-tools-for-stm32.9-2020-q2-update.win32_2.0.0.202105311346/tools/bin/../lib/gcc/arm-none-eabi/9.3.1/../../../../arm-none-eabi/lib/thumb/v7e-m+fp/hard\libc_nano.a(lib_a-nano-freer.o)
 .debug_frame   0x00000000000009d4       0x30 c:/st/stm32cubeide_1.7.0/stm32cubeide/plugins/com.st.stm32cube.ide.mcu.externaltools.gnu-tools-for-stm32.9-2020-q2-update.win32_2.0.0.202105311346/tools/bin/../lib/gcc/arm-none-eabi/9.3.1/../../../../arm-none-eabi/lib/thumb/v7e-m+fp/hard\libc_nano.a(lib_a-nano-mallocr.o)
 .debug_frame   0x0000000000000a04       0x3c c:/st/stm32cubeide_1.7.0/stm32cubeide/plugins/com.st.stm32cube.ide.mcu.externaltools.gnu-tools-for-stm32.9-2020-q2-update.win32_2.0.0.202105311346/tools/bin/../lib/gcc/arm-none-eabi/9.3.1/../../../../arm-none-eabi/lib/thumb/v7e-m+fp/hard\libc_nano.a(lib_a-nano-reallocr.o)
 .debug_frame   0x0000000000000a40       0x2c c:/st/stm32cubeide_1.7.0/stm32cubeide/plugins/com.st.stm32cube.ide.mcu.externaltools.gnu-tools-for-stm32.9-2020-q2-update.win32_2.0.0.202105311346/tools/bin/../lib/gcc/arm-none-eabi/9.3.1/../../../../arm-none-eabi/lib/thumb/v7e-m+fp/hard\libc_nano.a(lib_a-sbrkr.o)
 .debug_frame   0x0000000000000a6c       0x30 c:/st/stm32cubeide_1.7.0/stm32cubeide/plugins/com.st.stm32cube.ide.mcu.externaltools.gnu-tools-for-stm32.9-2020-q2-update.win32_2.0.0.202105311346/tools/bin/../lib/gcc/arm-none-eabi/9.3.1/../../../../arm-none-eabi/lib/thumb/v7e-m+fp/hard\libc_nano.a(lib_a-mlock.o)
 .debug_frame   0x0000000000000a9c       0x20 c:/st/stm32cubeide_1.7.0/stm32cubeide/plugins/com.st.stm32cube.ide.mcu.externaltools.gnu-tools-for-stm32.9-2020-q2-update.win32_2.0.0.202105311346/tools/bin/../lib/gcc/arm-none-eabi/9.3.1/../../../../arm-none-eabi/lib/thumb/v7e-m+fp/hard\libc_nano.a(lib_a-nano-msizer.o)
 .debug_frame   0x0000000000000abc       0x5c c:/st/stm32cubeide_1.7.0/stm32cubeide/plugins/com.st.stm32cube.ide.mcu.externaltools.gnu-tools-for-stm32.9-2020-q2-update.win32_2.0.0.202105311346/tools/bin/../lib/gcc/arm-none-eabi/9.3.1/../../../../arm-none-eabi/lib/thumb/v7e-m+fp/hard\libc_nano.a(lib_a-reent.o)
 .debug_frame   0x0000000000000b18       0xb0 c:/st/stm32cubeide_1.7.0/stm32cubeide/plugins/com.st.stm32cube.ide.mcu.externaltools.gnu-tools-for-stm32.9-2020-q2-update.win32_2.0.0.202105311346/tools/bin/../lib/gcc/arm-none-eabi/9.3.1/../../../../arm-none-eabi/lib/thumb/v7e-m+fp/hard\libc_nano.a(lib_a-lock.o)
 .debug_frame   0x0000000000000bc8       0x20 c:/st/stm32cubeide_1.7.0/stm32cubeide/plugins/com.st.stm32cube.ide.mcu.externaltools.gnu-tools-for-stm32.9-2020-q2-update.win32_2.0.0.202105311346/tools/bin/../lib/gcc/arm-none-eabi/9.3.1/../../../../arm-none-eabi/lib/thumb/v7e-m+fp/hard\libnosys.a(sbrk.o)
